Archive member included because of file (symbol)

/opt/gcc-arm-none/bin/../lib/gcc/arm-none-eabi/4.9.3/../../../../arm-none-eabi/lib/armv6-m/libc_nano.a(lib_a-exit.o)
                              /opt/gcc-arm-none/bin/../lib/gcc/arm-none-eabi/4.9.3/../../../../arm-none-eabi/lib/armv6-m/crt0.o (exit)
/opt/gcc-arm-none/bin/../lib/gcc/arm-none-eabi/4.9.3/../../../../arm-none-eabi/lib/armv6-m/libc_nano.a(lib_a-impure.o)
                              /opt/gcc-arm-none/bin/../lib/gcc/arm-none-eabi/4.9.3/../../../../arm-none-eabi/lib/armv6-m/libc_nano.a(lib_a-exit.o) (_global_impure_ptr)
/opt/gcc-arm-none/bin/../lib/gcc/arm-none-eabi/4.9.3/../../../../arm-none-eabi/lib/armv6-m/libc_nano.a(lib_a-init.o)
                              /opt/gcc-arm-none/bin/../lib/gcc/arm-none-eabi/4.9.3/../../../../arm-none-eabi/lib/armv6-m/crt0.o (__libc_init_array)
/opt/gcc-arm-none/bin/../lib/gcc/arm-none-eabi/4.9.3/../../../../arm-none-eabi/lib/armv6-m/libc_nano.a(lib_a-memset.o)
                              /opt/gcc-arm-none/bin/../lib/gcc/arm-none-eabi/4.9.3/../../../../arm-none-eabi/lib/armv6-m/crt0.o (memset)
/opt/gcc-arm-none/bin/../lib/gcc/arm-none-eabi/4.9.3/../../../../arm-none-eabi/lib/armv6-m/libnosys.a(_exit.o)
                              /opt/gcc-arm-none/bin/../lib/gcc/arm-none-eabi/4.9.3/../../../../arm-none-eabi/lib/armv6-m/libc_nano.a(lib_a-exit.o) (_exit)
/opt/gcc-arm-none/bin/../lib/gcc/arm-none-eabi/4.9.3/armv6-m/libgcc.a(_udivsi3.o)
                              _build/pstorage.o (__aeabi_uidiv)
/opt/gcc-arm-none/bin/../lib/gcc/arm-none-eabi/4.9.3/armv6-m/libgcc.a(_dvmd_tls.o)
                              /opt/gcc-arm-none/bin/../lib/gcc/arm-none-eabi/4.9.3/armv6-m/libgcc.a(_udivsi3.o) (__aeabi_idiv0)
/opt/gcc-arm-none/bin/../lib/gcc/arm-none-eabi/4.9.3/../../../../arm-none-eabi/lib/armv6-m/libc_nano.a(lib_a-memcmp.o)
                              _build/device_manager_central.o (memcmp)
/opt/gcc-arm-none/bin/../lib/gcc/arm-none-eabi/4.9.3/../../../../arm-none-eabi/lib/armv6-m/libc_nano.a(lib_a-memcpy.o)
                              _build/pstorage.o (memcpy)
/opt/gcc-arm-none/bin/../lib/gcc/arm-none-eabi/4.9.3/../../../../arm-none-eabi/lib/armv6-m/libc_nano.a(lib_a-printf.o)
                              _build/bsp.o (printf)
/opt/gcc-arm-none/bin/../lib/gcc/arm-none-eabi/4.9.3/../../../../arm-none-eabi/lib/armv6-m/libc_nano.a(lib_a-strlen.o)
                              _build/ble_srv_common.o (strlen)
/opt/gcc-arm-none/bin/../lib/gcc/arm-none-eabi/4.9.3/../../../../arm-none-eabi/lib/armv6-m/libc_nano.a(lib_a-findfp.o)
                              /opt/gcc-arm-none/bin/../lib/gcc/arm-none-eabi/4.9.3/../../../../arm-none-eabi/lib/armv6-m/libc_nano.a(lib_a-printf.o) (__sinit)
/opt/gcc-arm-none/bin/../lib/gcc/arm-none-eabi/4.9.3/../../../../arm-none-eabi/lib/armv6-m/libc_nano.a(lib_a-fwalk.o)
                              /opt/gcc-arm-none/bin/../lib/gcc/arm-none-eabi/4.9.3/../../../../arm-none-eabi/lib/armv6-m/libc_nano.a(lib_a-findfp.o) (_fwalk)
/opt/gcc-arm-none/bin/../lib/gcc/arm-none-eabi/4.9.3/../../../../arm-none-eabi/lib/armv6-m/libc_nano.a(lib_a-nano-mallocr.o)
                              /opt/gcc-arm-none/bin/../lib/gcc/arm-none-eabi/4.9.3/../../../../arm-none-eabi/lib/armv6-m/libc_nano.a(lib_a-findfp.o) (_malloc_r)
/opt/gcc-arm-none/bin/../lib/gcc/arm-none-eabi/4.9.3/../../../../arm-none-eabi/lib/armv6-m/libc_nano.a(lib_a-nano-vfprintf.o)
                              /opt/gcc-arm-none/bin/../lib/gcc/arm-none-eabi/4.9.3/../../../../arm-none-eabi/lib/armv6-m/libc_nano.a(lib_a-printf.o) (_vfprintf_r)
/opt/gcc-arm-none/bin/../lib/gcc/arm-none-eabi/4.9.3/../../../../arm-none-eabi/lib/armv6-m/libc_nano.a(lib_a-nano-vfprintf_i.o)
                              /opt/gcc-arm-none/bin/../lib/gcc/arm-none-eabi/4.9.3/../../../../arm-none-eabi/lib/armv6-m/libc_nano.a(lib_a-nano-vfprintf.o) (_printf_i)
/opt/gcc-arm-none/bin/../lib/gcc/arm-none-eabi/4.9.3/../../../../arm-none-eabi/lib/armv6-m/libc_nano.a(lib_a-sbrkr.o)
                              /opt/gcc-arm-none/bin/../lib/gcc/arm-none-eabi/4.9.3/../../../../arm-none-eabi/lib/armv6-m/libc_nano.a(lib_a-nano-mallocr.o) (_sbrk_r)
/opt/gcc-arm-none/bin/../lib/gcc/arm-none-eabi/4.9.3/../../../../arm-none-eabi/lib/armv6-m/libc_nano.a(lib_a-stdio.o)
                              /opt/gcc-arm-none/bin/../lib/gcc/arm-none-eabi/4.9.3/../../../../arm-none-eabi/lib/armv6-m/libc_nano.a(lib_a-findfp.o) (__sread)
/opt/gcc-arm-none/bin/../lib/gcc/arm-none-eabi/4.9.3/../../../../arm-none-eabi/lib/armv6-m/libc_nano.a(lib_a-wbuf.o)
                              /opt/gcc-arm-none/bin/../lib/gcc/arm-none-eabi/4.9.3/../../../../arm-none-eabi/lib/armv6-m/libc_nano.a(lib_a-nano-vfprintf.o) (__swbuf_r)
/opt/gcc-arm-none/bin/../lib/gcc/arm-none-eabi/4.9.3/../../../../arm-none-eabi/lib/armv6-m/libc_nano.a(lib_a-writer.o)
                              /opt/gcc-arm-none/bin/../lib/gcc/arm-none-eabi/4.9.3/../../../../arm-none-eabi/lib/armv6-m/libc_nano.a(lib_a-stdio.o) (_write_r)
[...]
Memory Configuration

Name             Origin             Length             Attributes
FLASH            0x0001c000         0x00024000         xr
RAM              0x20002800         0x00005800         xrw
*default*        0x00000000         0xffffffff

Linker script and memory map

LOAD /opt/gcc-arm-none/bin/../lib/gcc/arm-none-eabi/4.9.3/armv6-m/crti.o
LOAD /opt/gcc-arm-none/bin/../lib/gcc/arm-none-eabi/4.9.3/armv6-m/crtbegin.o
LOAD /opt/gcc-arm-none/bin/../lib/gcc/arm-none-eabi/4.9.3/../../../../arm-none-eabi/lib/armv6-m/crt0.o
LOAD /opt/gcc-arm-none/bin/../lib/gcc/arm-none-eabi/4.9.3/../../../../arm-none-eabi/lib/armv6-m/libc_nano.a
LOAD /opt/gcc-arm-none/bin/../lib/gcc/arm-none-eabi/4.9.3/../../../../arm-none-eabi/lib/armv6-m/libnosys.a
LOAD _build/app_button.o
LOAD _build/app_error.o
LOAD _build/app_fifo.o
LOAD _build/app_timer.o
LOAD _build/app_trace.o
LOAD _build/nrf_assert.o
LOAD _build/retarget.o
LOAD _build/app_uart_fifo.o
LOAD _build/nrf_delay.o
LOAD _build/nrf_drv_common.o
LOAD _build/nrf_drv_gpiote.o
LOAD _build/pstorage.o
LOAD _build/bsp.o
LOAD _build/bsp_btn_ble.o
LOAD _build/main.o
LOAD _build/ble_advdata.o
LOAD _build/ble_bas_c.o
LOAD _build/ble_conn_params.o
LOAD _build/ble_db_discovery.o
LOAD _build/ble_hrs_c.o
LOAD _build/ble_srv_common.o
LOAD _build/device_manager_central.o
LOAD _build/system_nrf51.o
LOAD _build/softdevice_handler.o
LOAD _build/gcc_startup_nrf51.o
START GROUP
LOAD /opt/gcc-arm-none/bin/../lib/gcc/arm-none-eabi/4.9.3/armv6-m/libgcc.a
LOAD /opt/gcc-arm-none/bin/../lib/gcc/arm-none-eabi/4.9.3/../../../../arm-none-eabi/lib/armv6-m/libc_nano.a
END GROUP
START GROUP
LOAD /opt/gcc-arm-none/bin/../lib/gcc/arm-none-eabi/4.9.3/armv6-m/libgcc.a
LOAD /opt/gcc-arm-none/bin/../lib/gcc/arm-none-eabi/4.9.3/../../../../arm-none-eabi/lib/armv6-m/libc_nano.a
END GROUP
LOAD /opt/gcc-arm-none/bin/../lib/gcc/arm-none-eabi/4.9.3/armv6-m/crtend.o
LOAD /opt/gcc-arm-none/bin/../lib/gcc/arm-none-eabi/4.9.3/armv6-m/crtn.o
START GROUP
LOAD /opt/gcc-arm-none/bin/../lib/gcc/arm-none-eabi/4.9.3/armv6-m/libgcc.a
LOAD /opt/gcc-arm-none/bin/../lib/gcc/arm-none-eabi/4.9.3/../../../../arm-none-eabi/lib/armv6-m/libc.a
LOAD /opt/gcc-arm-none/bin/../lib/gcc/arm-none-eabi/4.9.3/../../../../arm-none-eabi/lib/armv6-m/libnosys.a
END GROUP

.text           0x0001c000     0x6630
 *(.Vectors)
 .Vectors       0x0001c000       0xc0 _build/gcc_startup_nrf51.o
                0x0001c000                __Vectors
 *(.text*)
 .text          0x0001c0c0       0x78 /opt/gcc-arm-none/bin/../lib/gcc/arm-none-eabi/4.9.3/../../../../arm-none-eabi/lib/armv6-m/crt0.o
                0x0001c0c0                _mainCRTStartup
                0x0001c0c0                _start
 .text.exit     0x0001c138       0x2c /opt/gcc-arm-none/bin/../lib/gcc/arm-none-eabi/4.9.3/../../../../arm-none-eabi/lib/armv6-m/libc_nano.a(lib_a-exit.o)
                0x0001c138                exit
 .text.__libc_init_array
                0x0001c164       0x4c /opt/gcc-arm-none/bin/../lib/gcc/arm-none-eabi/4.9.3/../../../../arm-none-eabi/lib/armv6-m/libc_nano.a(lib_a-init.o)
                0x0001c164                __libc_init_array
 .text.memset   0x0001c1b0       0x10 /opt/gcc-arm-none/bin/../lib/gcc/arm-none-eabi/4.9.3/../../../../arm-none-eabi/lib/armv6-m/libc_nano.a(lib_a-memset.o)
                0x0001c1b0                memset
 .text._exit    0x0001c1c0        0x4 /opt/gcc-arm-none/bin/../lib/gcc/arm-none-eabi/4.9.3/../../../../arm-none-eabi/lib/armv6-m/libnosys.a(_exit.o)
                0x0001c1c0                _exit
 .text.detection_delay_timeout_handler
                0x0001c1c4       0xa8 _build/app_button.o
 .text.gpiote_event_handler
                0x0001c26c       0x5c _build/app_button.o
 .text.app_button_init
                0x0001c2c8       0xb4 _build/app_button.o
                0x0001c2c8                app_button_init
 .text.app_button_enable
                0x0001c37c       0x30 _build/app_button.o
                0x0001c37c                app_button_enable
 .text.app_error_handler
                0x0001c3ac       0x18 _build/app_error.o
                0x0001c3ac                app_error_handler
 .text.app_fifo_init
                0x0001c3c4       0x28 _build/app_fifo.o
                0x0001c3c4                app_fifo_init
 .text.app_fifo_put
                0x0001c3ec       0x28 _build/app_fifo.o
                0x0001c3ec                app_fifo_put
 .text.app_fifo_get
                0x0001c414       0x24 _build/app_fifo.o
                0x0001c414                app_fifo_get
 .text.rtc1_stop
                0x0001c438       0x78 _build/app_timer.o
 .text.RTC1_IRQHandler
                0x0001c4b0       0xe4 _build/app_timer.o
                0x0001c4b0                RTC1_IRQHandler
 .text.SWI0_IRQHandler
                0x0001c594      0x510 _build/app_timer.o
                0x0001c594                SWI0_IRQHandler
 .text.app_timer_init
                0x0001caa4      0x108 _build/app_timer.o
                0x0001caa4                app_timer_init
 .text.app_timer_create
                0x0001cbac       0x68 _build/app_timer.o
                0x0001cbac                app_timer_create
 .text.app_timer_start
                0x0001cc14      0x11c _build/app_timer.o
                0x0001cc14                app_timer_start
 .text.app_timer_stop
                0x0001cd30       0xe8 _build/app_timer.o
                0x0001cd30                app_timer_stop
 .text._write   0x0001ce18       0x1c _build/retarget.o
                0x0001ce18                _write
 .text._read    0x0001ce34       0x14 _build/retarget.o
                0x0001ce34                _read
 .text.gpiote_uart_event_handler
                0x0001ce48       0xc0 _build/app_uart_fifo.o
 .text.UART0_IRQHandler
                0x0001cf08      0x124 _build/app_uart_fifo.o
                0x0001cf08                UART0_IRQHandler
 .text.app_uart_init
                0x0001d02c      0x2b0 _build/app_uart_fifo.o
                0x0001d02c                app_uart_init
 .text.app_uart_get
                0x0001d2dc       0x10 _build/app_uart_fifo.o
                0x0001d2dc                app_uart_get
 .text.app_uart_put
                0x0001d2ec       0x80 _build/app_uart_fifo.o
                0x0001d2ec                app_uart_put
 .text.nrf_drv_common_irq_enable
                0x0001d36c       0x80 _build/nrf_drv_common.o
                0x0001d36c                nrf_drv_common_irq_enable
 .text.nrf_drv_gpiote_init
                0x0001d3ec       0x74 _build/nrf_drv_gpiote.o
                0x0001d3ec                nrf_drv_gpiote_init
 .text.nrf_drv_gpiote_is_init
                0x0001d460       0x10 _build/nrf_drv_gpiote.o
                0x0001d460                nrf_drv_gpiote_is_init
 .text.nrf_drv_gpiote_out_init
                0x0001d470       0xdc _build/nrf_drv_gpiote.o
                0x0001d470                nrf_drv_gpiote_out_init
 .text.nrf_drv_gpiote_in_init
                0x0001d54c      0x18c _build/nrf_drv_gpiote.o
                0x0001d54c                nrf_drv_gpiote_in_init
 .text.nrf_drv_gpiote_in_event_enable
                0x0001d6d8       0x9c _build/nrf_drv_gpiote.o
                0x0001d6d8                nrf_drv_gpiote_in_event_enable
 .text.nrf_drv_gpiote_in_is_set
                0x0001d774       0x14 _build/nrf_drv_gpiote.o
                0x0001d774                nrf_drv_gpiote_in_is_set
 .text.GPIOTE_IRQHandler
                0x0001d788      0x244 _build/nrf_drv_gpiote.o
                0x0001d788                GPIOTE_IRQHandler
 .text.sd_flash_write
                0x0001d9cc        0x4 _build/pstorage.o
 .text.sd_flash_page_erase
                0x0001d9d0        0x4 _build/pstorage.o
 .text.swap_state_process
                0x0001d9d4      0x1e0 _build/pstorage.o
 .text.cmd_process
                0x0001dbb4      0x130 _build/pstorage.o
 .text.cmd_queue_enqueue
                0x0001dce4       0x60 _build/pstorage.o
 .text.pstorage_sys_event_handler
                0x0001dd44      0x170 _build/pstorage.o
                0x0001dd44                pstorage_sys_event_handler
 .text.pstorage_init
                0x0001deb4      0x178 _build/pstorage.o
                0x0001deb4                pstorage_init
 .text.pstorage_register
                0x0001e02c      0x134 _build/pstorage.o
                0x0001e02c                pstorage_register
 .text.pstorage_block_identifier_get
                0x0001e160       0x50 _build/pstorage.o
                0x0001e160                pstorage_block_identifier_get
 .text.pstorage_store
                0x0001e1b0       0x88 _build/pstorage.o
                0x0001e1b0                pstorage_store
 .text.pstorage_update
                0x0001e238       0x88 _build/pstorage.o
                0x0001e238                pstorage_update
 .text.pstorage_load
                0x0001e2c0       0xac _build/pstorage.o
                0x0001e2c0                pstorage_load
 .text.pstorage_clear
                0x0001e36c       0x78 _build/pstorage.o
                0x0001e36c                pstorage_clear
 .text.pstorage_access_status_get
                0x0001e3e4       0x28 _build/pstorage.o
                0x0001e3e4                pstorage_access_status_get
 .text.alert_timer_handler
                0x0001e40c       0x28 _build/bsp.o
 .text.bsp_button_event_handler
                0x0001e434       0xd0 _build/bsp.o
 .text.button_timer_handler
                0x0001e504       0x48 _build/bsp.o
 .text.leds_timer_handler
                0x0001e54c      0x2d4 _build/bsp.o
 .text.bsp_button_is_pressed
                0x0001e820       0x2c _build/bsp.o
                0x0001e820                bsp_button_is_pressed
 .text.bsp_indication_set
                0x0001e84c      0x354 _build/bsp.o
                0x0001e84c                bsp_indication_set
 .text.bsp_init
                0x0001eba0       0xc0 _build/bsp.o
                0x0001eba0                bsp_init
 .text.bsp_event_to_button_action_assign
                0x0001ec60       0x58 _build/bsp.o
                0x0001ec60                bsp_event_to_button_action_assign
 .text.bsp_wakeup_buttons_set
                0x0001ecb8       0x8c _build/bsp.o
                0x0001ecb8                bsp_wakeup_buttons_set
 .text.bsp_btn_ble_sleep_mode_prepare
                0x0001ed44       0x18 _build/bsp_btn_ble.o
                0x0001ed44                bsp_btn_ble_sleep_mode_prepare
 .text.bsp_btn_ble_on_ble_evt
                0x0001ed5c       0xbc _build/bsp_btn_ble.o
                0x0001ed5c                bsp_btn_ble_on_ble_evt
 .text.bsp_btn_ble_init
                0x0001ee18       0x9c _build/bsp_btn_ble.o
                0x0001ee18                bsp_btn_ble_init
 .text.sd_power_system_off
                0x0001eeb4        0x4 _build/main.o
 .text.sd_app_evt_wait
                0x0001eeb8        0x4 _build/main.o
 .text.sd_ble_gap_conn_param_update
                0x0001eebc        0x4 _build/main.o
 .text.sd_ble_gap_disconnect
                0x0001eec0        0x4 _build/main.o
 .text.sd_ble_gap_scan_start
                0x0001eec4        0x4 _build/main.o
 .text.sd_ble_gap_scan_stop
                0x0001eec8        0x4 _build/main.o
 .text.sd_ble_gap_connect
                0x0001eecc        0x4 _build/main.o
 .text.sd_ble_enable
                0x0001eed0        0x4 _build/main.o
 .text.uart_error_handle
                0x0001eed4       0x1c _build/main.o
                0x0001eed4                uart_error_handle
 .text.scan_start
                0x0001eef0       0x98 _build/main.o
 .text.sys_evt_dispatch
                0x0001ef88       0x28 _build/main.o
 .text.ble_evt_dispatch
                0x0001efb0      0x134 _build/main.o
 .text.device_manager_event_handler
                0x0001f0e4       0xe0 _build/main.o
 .text.bsp_event_handler
                0x0001f1c4       0x6c _build/main.o
                0x0001f1c4                bsp_event_handler
 .text.hrs_c_evt_handler
                0x0001f230       0x54 _build/main.o
 .text.bas_c_evt_handler
                0x0001f284       0x48 _build/main.o
 .text.assert_nrf_callback
                0x0001f2cc       0x14 _build/main.o
                0x0001f2cc                assert_nrf_callback
 .text.startup.main
                0x0001f2e0      0x210 _build/main.o
                0x0001f2e0                main
 .text.sd_ble_gattc_read
                0x0001f4f0        0x4 _build/ble_bas_c.o
 .text.sd_ble_gattc_write
                0x0001f4f4        0x4 _build/ble_bas_c.o
 .text.db_discovery_evt_handler
                0x0001f4f8       0x88 _build/ble_bas_c.o
 .text.ble_bas_c_init
                0x0001f580       0x44 _build/ble_bas_c.o
                0x0001f580                ble_bas_c_init
 .text.ble_bas_c_on_ble_evt
                0x0001f5c4       0xa8 _build/ble_bas_c.o
                0x0001f5c4                ble_bas_c_on_ble_evt
 .text.ble_bas_c_bl_notif_enable
                0x0001f66c       0x84 _build/ble_bas_c.o
                0x0001f66c                ble_bas_c_bl_notif_enable
 .text.ble_bas_c_bl_read
                0x0001f6f0       0x68 _build/ble_bas_c.o
                0x0001f6f0                ble_bas_c_bl_read
 .text.sd_ble_gattc_primary_services_discover
                0x0001f758        0x4 _build/ble_db_discovery.o
 .text.sd_ble_gattc_characteristics_discover
                0x0001f75c        0x4 _build/ble_db_discovery.o
 .text.sd_ble_gattc_descriptors_discover
                0x0001f760        0x4 _build/ble_db_discovery.o
 .text.discovery_complete_evt_trigger
                0x0001f764       0xf8 _build/ble_db_discovery.o
 .text.descriptors_discover
                0x0001f85c       0xb8 _build/ble_db_discovery.o
 .text.on_srv_disc_completion
                0x0001f914      0x12c _build/ble_db_discovery.o
 .text.ble_db_discovery_init
                0x0001fa40       0x28 _build/ble_db_discovery.o
                0x0001fa40                ble_db_discovery_init
 .text.ble_db_discovery_evt_register
                0x0001fa68       0x54 _build/ble_db_discovery.o
                0x0001fa68                ble_db_discovery_evt_register
 .text.ble_db_discovery_start
                0x0001fabc       0x70 _build/ble_db_discovery.o
                0x0001fabc                ble_db_discovery_start
 .text.ble_db_discovery_on_ble_evt
                0x0001fb2c      0x648 _build/ble_db_discovery.o
                0x0001fb2c                ble_db_discovery_on_ble_evt
 .text.sd_ble_gattc_read
                0x00020174        0x4 _build/ble_hrs_c.o
 .text.sd_ble_gattc_write
                0x00020178        0x4 _build/ble_hrs_c.o
 .text.db_discover_evt_handler
                0x0002017c       0x88 _build/ble_hrs_c.o
 .text.ble_hrs_c_init
                0x00020204       0x44 _build/ble_hrs_c.o
                0x00020204                ble_hrs_c_init
 .text.ble_hrs_c_on_ble_evt
                0x00020248       0x98 _build/ble_hrs_c.o
                0x00020248                ble_hrs_c_on_ble_evt
 .text.ble_hrs_c_hrm_notif_enable
                0x000202e0       0x84 _build/ble_hrs_c.o
                0x000202e0                ble_hrs_c_hrm_notif_enable
 .text.sd_ble_gap_authenticate
                0x00020364        0x4 _build/device_manager_central.o
 .text.sd_ble_gap_sec_params_reply
                0x00020368        0x4 _build/device_manager_central.o
 .text.sd_ble_gap_encrypt
                0x0002036c        0x4 _build/device_manager_central.o
 .text.sd_ble_gatts_sys_attr_set
                0x00020370        0x4 _build/device_manager_central.o
 .text.sd_ble_gatts_sys_attr_get
                0x00020374        0x4 _build/device_manager_central.o
 .text.storage_operation_dummy_handler
                0x00020378        0x4 _build/device_manager_central.o
 .text.no_service_context_store
                0x0002037c        0x4 _build/device_manager_central.o
 .text.gattc_context_store
                0x00020380        0x4 _build/device_manager_central.o
 .text.no_service_context_load
                0x00020384        0x4 _build/device_manager_central.o
 .text.gattc_context_load
                0x00020388        0x4 _build/device_manager_central.o
 .text.no_service_context_apply
                0x0002038c        0x4 _build/device_manager_central.o
 .text.gatts_context_apply
                0x00020390       0x58 _build/device_manager_central.o
 .text.gattc_context_apply
                0x000203e8        0x4 _build/device_manager_central.o
 .text.gatts_context_store
                0x000203ec       0xbc _build/device_manager_central.o
 .text.gatts_context_load
                0x000204a8       0x38 _build/device_manager_central.o
 .text.dm_pstorage_cb_handler
                0x000204e0      0x164 _build/device_manager_central.o
 .text.gattsc_context_load
                0x00020644       0x38 _build/device_manager_central.o
 .text.gattsc_context_apply
                0x0002067c       0x58 _build/device_manager_central.o
 .text.gattsc_context_store
                0x000206d4       0xbc _build/device_manager_central.o
 .text.initiate_security_request
                0x00020790       0x68 _build/device_manager_central.o
                0x00020790                initiate_security_request
 .text.dm_init  0x000207f8      0x134 _build/device_manager_central.o
                0x000207f8                dm_init
 .text.dm_register
                0x0002092c       0x5c _build/device_manager_central.o
                0x0002092c                dm_register
 .text.dm_security_setup_req
                0x00020988      0x13c _build/device_manager_central.o
                0x00020988                dm_security_setup_req
 .text.dm_whitelist_create
                0x00020ac4       0xd0 _build/device_manager_central.o
                0x00020ac4                dm_whitelist_create
 .text.dm_ble_evt_handler
                0x00020b94      0x508 _build/device_manager_central.o
                0x00020b94                dm_ble_evt_handler
 .text.SystemInit
                0x0002109c       0x9c _build/system_nrf51.o
                0x0002109c                SystemInit
 .text.sd_nvic_EnableIRQ
                0x00021138        0x4 _build/softdevice_handler.o
 .text.sd_evt_get
                0x0002113c        0x4 _build/softdevice_handler.o
 .text.sd_softdevice_enable
                0x00021140        0x4 _build/softdevice_handler.o
 .text.sd_ble_evt_get
                0x00021144        0x4 _build/softdevice_handler.o
 .text.softdevice_assertion_handler
                0x00021148        0xc _build/softdevice_handler.o
                0x00021148                softdevice_assertion_handler
 .text.intern_softdevice_events_execute.part.0
                0x00021154       0xe0 _build/softdevice_handler.o
 .text.softdevice_handler_init
                0x00021234       0x4c _build/softdevice_handler.o
                0x00021234                softdevice_handler_init
 .text.softdevice_ble_evt_handler_set
                0x00021280       0x14 _build/softdevice_handler.o
                0x00021280                softdevice_ble_evt_handler_set
 .text.softdevice_sys_evt_handler_set
                0x00021294       0x14 _build/softdevice_handler.o
                0x00021294                softdevice_sys_evt_handler_set
 .text.SWI2_IRQHandler
                0x000212a8       0x34 _build/softdevice_handler.o
                0x000212a8                SWI2_IRQHandler
 .text          0x000212dc       0x54 _build/gcc_startup_nrf51.o
                0x000212dc                Reset_Handler
                0x00021324                NMI_Handler
                0x00021326                HardFault_Handler
                0x00021328                SVC_Handler
                0x0002132a                PendSV_Handler
                0x0002132c                SysTick_Handler
                0x0002132e                TIMER2_IRQHandler
                0x0002132e                SPI0_TWI0_IRQHandler
                0x0002132e                RTC0_IRQHandler
                0x0002132e                POWER_CLOCK_IRQHandler
                0x0002132e                RADIO_IRQHandler
                0x0002132e                LPCOMP_IRQHandler
                0x0002132e                SWI4_IRQHandler
                0x0002132e                TEMP_IRQHandler
                0x0002132e                QDEC_IRQHandler
                0x0002132e                SWI5_IRQHandler
                0x0002132e                TIMER0_IRQHandler
                0x0002132e                TIMER1_IRQHandler
                0x0002132e                ECB_IRQHandler
                0x0002132e                Default_Handler
                0x0002132e                ADC_IRQHandler
                0x0002132e                SWI3_IRQHandler
                0x0002132e                CCM_AAR_IRQHandler
                0x0002132e                WDT_IRQHandler
                0x0002132e                RNG_IRQHandler
                0x0002132e                SPI1_TWI1_IRQHandler
                0x0002132e                SWI1_IRQHandler
 .text          0x00021330      0x120 /opt/gcc-arm-none/bin/../lib/gcc/arm-none-eabi/4.9.3/armv6-m/libgcc.a(_udivsi3.o)
                0x00021330                __udivsi3
                0x00021330                __aeabi_uidiv
                0x0002143c                __aeabi_uidivmod
 .text          0x00021450        0x4 /opt/gcc-arm-none/bin/../lib/gcc/arm-none-eabi/4.9.3/armv6-m/libgcc.a(_dvmd_tls.o)
                0x00021450                __aeabi_ldiv0
                0x00021450                __aeabi_idiv0
 .text.memcmp   0x00021454       0x1e /opt/gcc-arm-none/bin/../lib/gcc/arm-none-eabi/4.9.3/../../../../arm-none-eabi/lib/armv6-m/libc_nano.a(lib_a-memcmp.o)
                0x00021454                memcmp
 .text.memcpy   0x00021472       0x12 /opt/gcc-arm-none/bin/../lib/gcc/arm-none-eabi/4.9.3/../../../../arm-none-eabi/lib/armv6-m/libc_nano.a(lib_a-memcpy.o)
                0x00021472                memcpy
 .text.printf   0x00021484       0x34 /opt/gcc-arm-none/bin/../lib/gcc/arm-none-eabi/4.9.3/../../../../arm-none-eabi/lib/armv6-m/libc_nano.a(lib_a-printf.o)
                0x00021484                printf
                0x00021484                iprintf
 .text._cleanup_r
                0x000214b8       0x10 /opt/gcc-arm-none/bin/../lib/gcc/arm-none-eabi/4.9.3/../../../../arm-none-eabi/lib/armv6-m/libc_nano.a(lib_a-findfp.o)
                0x000214b8                _cleanup_r
 .text.std.isra.0
                0x000214c8       0x48 /opt/gcc-arm-none/bin/../lib/gcc/arm-none-eabi/4.9.3/../../../../arm-none-eabi/lib/armv6-m/libc_nano.a(lib_a-findfp.o)
 .text.__sfmoreglue
                0x00021510       0x2c /opt/gcc-arm-none/bin/../lib/gcc/arm-none-eabi/4.9.3/../../../../arm-none-eabi/lib/armv6-m/libc_nano.a(lib_a-findfp.o)
                0x00021510                __sfmoreglue
 .text.__sinit  0x0002153c       0x64 /opt/gcc-arm-none/bin/../lib/gcc/arm-none-eabi/4.9.3/../../../../arm-none-eabi/lib/armv6-m/libc_nano.a(lib_a-findfp.o)
                0x0002153c                __sinit
 .text.__sfp    0x000215a0       0x7c /opt/gcc-arm-none/bin/../lib/gcc/arm-none-eabi/4.9.3/../../../../arm-none-eabi/lib/armv6-m/libc_nano.a(lib_a-findfp.o)
                0x000215a0                __sfp
 .text._fwalk_reent
                0x0002161c       0x42 /opt/gcc-arm-none/bin/../lib/gcc/arm-none-eabi/4.9.3/../../../../arm-none-eabi/lib/armv6-m/libc_nano.a(lib_a-fwalk.o)
                0x0002161c                _fwalk_reent
 *fill*         0x0002165e        0x2 
 .text._malloc_r
                0x00021660       0xb0 /opt/gcc-arm-none/bin/../lib/gcc/arm-none-eabi/4.9.3/../../../../arm-none-eabi/lib/armv6-m/libc_nano.a(lib_a-nano-mallocr.o)
                0x00021660                _malloc_r
 .text.__sfputc_r
                0x00021710       0x2a /opt/gcc-arm-none/bin/../lib/gcc/arm-none-eabi/4.9.3/../../../../arm-none-eabi/lib/armv6-m/libc_nano.a(lib_a-nano-vfprintf.o)
 .text.__sfputs_r
                0x0002173a       0x24 /opt/gcc-arm-none/bin/../lib/gcc/arm-none-eabi/4.9.3/../../../../arm-none-eabi/lib/armv6-m/libc_nano.a(lib_a-nano-vfprintf.o)
                0x0002173a                __sfputs_r
 *fill*         0x0002175e        0x2 
 .text._vfprintf_r
                0x00021760      0x220 /opt/gcc-arm-none/bin/../lib/gcc/arm-none-eabi/4.9.3/../../../../arm-none-eabi/lib/armv6-m/libc_nano.a(lib_a-nano-vfprintf.o)
                0x00021760                _vfiprintf_r
                0x00021760                _vfprintf_r
 .text._printf_common
                0x00021980       0xdc /opt/gcc-arm-none/bin/../lib/gcc/arm-none-eabi/4.9.3/../../../../arm-none-eabi/lib/armv6-m/libc_nano.a(lib_a-nano-vfprintf_i.o)
                0x00021980                _printf_common
 .text._printf_i
                0x00021a5c      0x230 /opt/gcc-arm-none/bin/../lib/gcc/arm-none-eabi/4.9.3/../../../../arm-none-eabi/lib/armv6-m/libc_nano.a(lib_a-nano-vfprintf_i.o)
                0x00021a5c                _printf_i
 .text._sbrk_r  0x00021c8c       0x24 /opt/gcc-arm-none/bin/../lib/gcc/arm-none-eabi/4.9.3/../../../../arm-none-eabi/lib/armv6-m/libc_nano.a(lib_a-sbrkr.o)
                0x00021c8c                _sbrk_r
 .text.__sread  0x00021cb0       0x28 /opt/gcc-arm-none/bin/../lib/gcc/arm-none-eabi/4.9.3/../../../../arm-none-eabi/lib/armv6-m/libc_nano.a(lib_a-stdio.o)
                0x00021cb0                __sread
 .text.__swrite
                0x00021cd8       0x38 /opt/gcc-arm-none/bin/../lib/gcc/arm-none-eabi/4.9.3/../../../../arm-none-eabi/lib/armv6-m/libc_nano.a(lib_a-stdio.o)
                0x00021cd8                __swrite
 .text.__sseek  0x00021d10       0x2c /opt/gcc-arm-none/bin/../lib/gcc/arm-none-eabi/4.9.3/../../../../arm-none-eabi/lib/armv6-m/libc_nano.a(lib_a-stdio.o)
                0x00021d10                __sseek
 .text.__sclose
                0x00021d3c        0xc /opt/gcc-arm-none/bin/../lib/gcc/arm-none-eabi/4.9.3/../../../../arm-none-eabi/lib/armv6-m/libc_nano.a(lib_a-stdio.o)
                0x00021d3c                __sclose
 .text.__swbuf_r
                0x00021d48       0xb0 /opt/gcc-arm-none/bin/../lib/gcc/arm-none-eabi/4.9.3/../../../../arm-none-eabi/lib/armv6-m/libc_nano.a(lib_a-wbuf.o)
                0x00021d48                __swbuf_r
 .text._write_r
                0x00021df8       0x28 /opt/gcc-arm-none/bin/../lib/gcc/arm-none-eabi/4.9.3/../../../../arm-none-eabi/lib/armv6-m/libc_nano.a(lib_a-writer.o)
                0x00021df8                _write_r
 .text.__swsetup_r
                0x00021e20       0xe8 /opt/gcc-arm-none/bin/../lib/gcc/arm-none-eabi/4.9.3/../../../../arm-none-eabi/lib/armv6-m/libc_nano.a(lib_a-wsetup.o)
                0x00021e20                __swsetup_r
 .text._close_r
                0x00021f08       0x24 /opt/gcc-arm-none/bin/../lib/gcc/arm-none-eabi/4.9.3/../../../../arm-none-eabi/lib/armv6-m/libc_nano.a(lib_a-closer.o)
                0x00021f08                _close_r
 .text.__sflush_r
                0x00021f2c      0x112 /opt/gcc-arm-none/bin/../lib/gcc/arm-none-eabi/4.9.3/../../../../arm-none-eabi/lib/armv6-m/libc_nano.a(lib_a-fflush.o)
                0x00021f2c                __sflush_r
 *fill*         0x0002203e        0x2 
 .text._fflush_r
                0x00022040       0x58 /opt/gcc-arm-none/bin/../lib/gcc/arm-none-eabi/4.9.3/../../../../arm-none-eabi/lib/armv6-m/libc_nano.a(lib_a-fflush.o)
                0x00022040                _fflush_r
 .text._lseek_r
                0x00022098       0x28 /opt/gcc-arm-none/bin/../lib/gcc/arm-none-eabi/4.9.3/../../../../arm-none-eabi/lib/armv6-m/libc_nano.a(lib_a-lseekr.o)
                0x00022098                _lseek_r
 .text.__smakebuf_r
                0x000220c0       0xb0 /opt/gcc-arm-none/bin/../lib/gcc/arm-none-eabi/4.9.3/../../../../arm-none-eabi/lib/armv6-m/libc_nano.a(lib_a-makebuf.o)
                0x000220c0                __smakebuf_r
 .text.memchr   0x00022170       0x16 /opt/gcc-arm-none/bin/../lib/gcc/arm-none-eabi/4.9.3/../../../../arm-none-eabi/lib/armv6-m/libc_nano.a(lib_a-memchr.o)
                0x00022170                memchr
 *fill*         0x00022186        0x2 
 .text._free_r  0x00022188       0x8c /opt/gcc-arm-none/bin/../lib/gcc/arm-none-eabi/4.9.3/../../../../arm-none-eabi/lib/armv6-m/libc_nano.a(lib_a-nano-freer.o)
                0x00022188                _free_r
 .text._read_r  0x00022214       0x28 /opt/gcc-arm-none/bin/../lib/gcc/arm-none-eabi/4.9.3/../../../../arm-none-eabi/lib/armv6-m/libc_nano.a(lib_a-readr.o)
                0x00022214                _read_r
 .text._fstat_r
                0x0002223c       0x24 /opt/gcc-arm-none/bin/../lib/gcc/arm-none-eabi/4.9.3/../../../../arm-none-eabi/lib/armv6-m/libc_nano.a(lib_a-fstatr.o)
                0x0002223c                _fstat_r
 .text._isatty_r
                0x00022260       0x24 /opt/gcc-arm-none/bin/../lib/gcc/arm-none-eabi/4.9.3/../../../../arm-none-eabi/lib/armv6-m/libc_nano.a(lib_a-isattyr.o)
                0x00022260                _isatty_r
 .text._close   0x00022284       0x10 /opt/gcc-arm-none/bin/../lib/gcc/arm-none-eabi/4.9.3/../../../../arm-none-eabi/lib/armv6-m/libnosys.a(close.o)
                0x00022284                _close
 .text._fstat   0x00022294       0x10 /opt/gcc-arm-none/bin/../lib/gcc/arm-none-eabi/4.9.3/../../../../arm-none-eabi/lib/armv6-m/libnosys.a(fstat.o)
                0x00022294                _fstat
 .text._isatty  0x000222a4       0x10 /opt/gcc-arm-none/bin/../lib/gcc/arm-none-eabi/4.9.3/../../../../arm-none-eabi/lib/armv6-m/libnosys.a(isatty.o)
                0x000222a4                _isatty
 .text._lseek   0x000222b4       0x10 /opt/gcc-arm-none/bin/../lib/gcc/arm-none-eabi/4.9.3/../../../../arm-none-eabi/lib/armv6-m/libnosys.a(lseek.o)
                0x000222b4                _lseek
 .text._sbrk    0x000222c4       0x1c /opt/gcc-arm-none/bin/../lib/gcc/arm-none-eabi/4.9.3/../../../../arm-none-eabi/lib/armv6-m/libnosys.a(sbrk.o)
                0x000222c4                _sbrk
 *(.init)
 .init          0x000222e0        0x4 /opt/gcc-arm-none/bin/../lib/gcc/arm-none-eabi/4.9.3/armv6-m/crti.o
                0x000222e0                _init
 .init          0x000222e4        0x8 /opt/gcc-arm-none/bin/../lib/gcc/arm-none-eabi/4.9.3/armv6-m/crtn.o
 *(.fini)
 .fini          0x000222ec        0x4 /opt/gcc-arm-none/bin/../lib/gcc/arm-none-eabi/4.9.3/armv6-m/crti.o
                0x000222ec                _fini
 .fini          0x000222f0        0x8 /opt/gcc-arm-none/bin/../lib/gcc/arm-none-eabi/4.9.3/armv6-m/crtn.o
 *crtbegin.o(.ctors)
 *crtbegin?.o(.ctors)
 *(EXCLUDE_FILE(*crtend.o *crtend?.o) .ctors)
 *(SORT(.ctors.*))
 *(.ctors)
 *crtbegin.o(.dtors)
 *crtbegin?.o(.dtors)
 *(EXCLUDE_FILE(*crtend.o *crtend?.o) .dtors)
 *(SORT(.dtors.*))
 *(.dtors)
 *(.rodata*)
 .rodata.str1.1
                0x000222f8        0x2 /opt/gcc-arm-none/bin/../lib/gcc/arm-none-eabi/4.9.3/../../../../arm-none-eabi/lib/armv6-m/libc_nano.a(lib_a-impure.o)
 *fill*         0x000222fa        0x2 
 .rodata._global_impure_ptr
                0x000222fc        0x4 /opt/gcc-arm-none/bin/../lib/gcc/arm-none-eabi/4.9.3/../../../../arm-none-eabi/lib/armv6-m/libc_nano.a(lib_a-impure.o)
                0x000222fc                _global_impure_ptr
 .rodata.swap_state_process
                0x00022300       0x1c _build/pstorage.o
 .rodata.leds_timer_handler
                0x0002231c       0x60 _build/bsp.o
 .rodata.bsp_indication_set
                0x0002237c       0x60 _build/bsp.o
 .rodata.m_buttons_list
                0x000223dc       0x10 _build/bsp.o
 .rodata.app_buttons
                0x000223ec       0x20 _build/bsp.o
 .rodata.device_manager_event_handler
                0x0002240c       0x4c _build/main.o
 .rodata        0x00022458        0xc _build/main.o
 .rodata.m_connection_param
                0x00022464        0x8 _build/main.o
 .rodata.str1.4
                0x0002246c       0x6c _build/main.o
 .rodata.ble_db_discovery_on_ble_evt
                0x000224d8       0x90 _build/ble_db_discovery.o
 .rodata.m_service_context_store
                0x00022568       0x10 _build/device_manager_central.o
                0x00022568                m_service_context_store
 .rodata.m_service_context_load
                0x00022578       0x10 _build/device_manager_central.o
                0x00022578                m_service_context_load
 .rodata.m_service_context_apply
                0x00022588       0x10 _build/device_manager_central.o
                0x00022588                m_service_context_apply
 .rodata.m_context_init_len
                0x00022598        0x4 _build/device_manager_central.o
                0x00022598                m_context_init_len
 .rodata.__sf_fake_stdin
                0x0002259c       0x20 /opt/gcc-arm-none/bin/../lib/gcc/arm-none-eabi/4.9.3/../../../../arm-none-eabi/lib/armv6-m/libc_nano.a(lib_a-findfp.o)
                0x0002259c                __sf_fake_stdin
 .rodata.__sf_fake_stdout
                0x000225bc       0x20 /opt/gcc-arm-none/bin/../lib/gcc/arm-none-eabi/4.9.3/../../../../arm-none-eabi/lib/armv6-m/libc_nano.a(lib_a-findfp.o)
                0x000225bc                __sf_fake_stdout
 .rodata.__sf_fake_stderr
                0x000225dc       0x20 /opt/gcc-arm-none/bin/../lib/gcc/arm-none-eabi/4.9.3/../../../../arm-none-eabi/lib/armv6-m/libc_nano.a(lib_a-findfp.o)
                0x000225dc                __sf_fake_stderr
 .rodata.str1.1
                0x000225fc       0x11 /opt/gcc-arm-none/bin/../lib/gcc/arm-none-eabi/4.9.3/../../../../arm-none-eabi/lib/armv6-m/libc_nano.a(lib_a-nano-vfprintf.o)
 .rodata.str1.1
                0x0002260d       0x22 /opt/gcc-arm-none/bin/../lib/gcc/arm-none-eabi/4.9.3/../../../../arm-none-eabi/lib/armv6-m/libc_nano.a(lib_a-nano-vfprintf_i.o)
 *(.eh_frame*)
                0x00022630                . = ALIGN (0x4)
 *fill*         0x0002262f        0x1 

.glue_7         0x00022630        0x0
 .glue_7        0x00000000        0x0 linker stubs

.glue_7t        0x00022630        0x0
 .glue_7t       0x00000000        0x0 linker stubs

.vfp11_veneer   0x00022630        0x0
 .vfp11_veneer  0x00000000        0x0 linker stubs

.v4_bx          0x00022630        0x0
 .v4_bx         0x00000000        0x0 linker stubs

.iplt           0x00022630        0x0
 .iplt          0x00000000        0x0 /opt/gcc-arm-none/bin/../lib/gcc/arm-none-eabi/4.9.3/armv6-m/crtbegin.o

.ARM.extab      0x00022630        0x0
 *(.ARM.extab* .gnu.linkonce.armextab.*)
                0x00022630                . = ALIGN (0x4)
                0x00022630                __exidx_start = .

.ARM.exidx      0x00022630        0x8
 *(.ARM.exidx* .gnu.linkonce.armexidx.*)
 .ARM.exidx     0x00022630        0x8 /opt/gcc-arm-none/bin/../lib/gcc/arm-none-eabi/4.9.3/../../../../arm-none-eabi/lib/armv6-m/crt0.o
 .ARM.exidx     0x00022638        0x0 _build/gcc_startup_nrf51.o
                                  0x8 (size before relaxing)
                0x00022638                . = ALIGN (0x4)
                0x00022638                __exidx_end = .
                0x00022638                __etext = .

.rel.dyn        0x00022638        0x0
 .rel.iplt      0x00000000        0x0 /opt/gcc-arm-none/bin/../lib/gcc/arm-none-eabi/4.9.3/armv6-m/crtbegin.o

.data           0x20002800       0x68 load address 0x00022638
                0x20002800                __data_start__ = .
 *(vtable)
 *(.data*)
 .data.impure_data
                0x20002800       0x60 /opt/gcc-arm-none/bin/../lib/gcc/arm-none-eabi/4.9.3/../../../../arm-none-eabi/lib/armv6-m/libc_nano.a(lib_a-impure.o)
 .data._impure_ptr
                0x20002860        0x4 /opt/gcc-arm-none/bin/../lib/gcc/arm-none-eabi/4.9.3/../../../../arm-none-eabi/lib/armv6-m/libc_nano.a(lib_a-impure.o)
                0x20002860                _impure_ptr
 .data.m_instance_counter
                0x20002864        0x1 _build/app_uart_fifo.o
                0x20002868                . = ALIGN (0x4)
 *fill*         0x20002865        0x3 
                0x20002868                PROVIDE (__preinit_array_start, .)
 *(.preinit_array)
                0x20002868                PROVIDE (__preinit_array_end, .)
                0x20002868                . = ALIGN (0x4)
                0x20002868                PROVIDE (__init_array_start, .)
 *(SORT(.init_array.*))
 *(.init_array)
                0x20002868                PROVIDE (__init_array_end, .)
                0x20002868                . = ALIGN (0x4)
                0x20002868                PROVIDE (__fini_array_start, .)
 *(SORT(.fini_array.*))
 *(.fini_array)
                0x20002868                PROVIDE (__fini_array_end, .)
 *(.jcr)
                0x20002868                . = ALIGN (0x4)
                0x20002868                __data_end__ = .

.igot.plt       0x20002868        0x0 load address 0x000226a0
 .igot.plt      0x00000000        0x0 /opt/gcc-arm-none/bin/../lib/gcc/arm-none-eabi/4.9.3/armv6-m/crtbegin.o

.bss            0x20002868      0x8ec load address 0x000226a0
                0x20002868                . = ALIGN (0x4)
                0x20002868                __bss_start__ = .
 *(.bss*)
 .bss.m_detection_delay
                0x20002868        0x4 _build/app_button.o
 .bss.mp_buttons
                0x2000286c        0x4 _build/app_button.o
 .bss.m_button_count
                0x20002870        0x1 _build/app_button.o
 *fill*         0x20002871        0x3 
 .bss.m_pin_state
                0x20002874        0x4 _build/app_button.o
 .bss.m_detection_delay_timer_id
                0x20002878        0x4 _build/app_button.o
 .bss.m_pin_transition
                0x2000287c        0x4 _build/app_button.o
 .bss.m_ticks_latest
                0x20002880        0x4 _build/app_timer.o
 .bss.m_evt_schedule_func
                0x20002884        0x4 _build/app_timer.o
 .bss.mp_nodes  0x20002888        0x4 _build/app_timer.o
 .bss.m_user_array_size
                0x2000288c        0x1 _build/app_timer.o
 *fill*         0x2000288d        0x3 
 .bss.mp_users  0x20002890        0x4 _build/app_timer.o
 .bss.m_ticks_elapsed_q_read_ind
                0x20002894        0x1 _build/app_timer.o
 .bss.m_ticks_elapsed_q_write_ind
                0x20002895        0x1 _build/app_timer.o
 .bss.m_node_array_size
                0x20002896        0x1 _build/app_timer.o
 *fill*         0x20002897        0x1 
 .bss.m_timer_id_head
                0x20002898        0x4 _build/app_timer.o
 .bss.m_rtc1_reset
                0x2000289c        0x1 _build/app_timer.o
 *fill*         0x2000289d        0x3 
 .bss.m_ticks_elapsed
                0x200028a0        0x8 _build/app_timer.o
 .bss.m_rtc1_running
                0x200028a8        0x1 _build/app_timer.o
 *fill*         0x200028a9        0x3 
 .bss.m_event_handler
                0x200028ac        0x4 _build/app_uart_fifo.o
 .bss.m_tx_fifo
                0x200028b0       0x10 _build/app_uart_fifo.o
 .bss.m_current_state
                0x200028c0        0x1 _build/app_uart_fifo.o
 *fill*         0x200028c1        0x3 
 .bss.m_rx_fifo
                0x200028c4       0x10 _build/app_uart_fifo.o
 .bss.m_cb      0x200028d4       0x54 _build/nrf_drv_gpiote.o
 .bss.m_cmd_queue
                0x20002928       0xcc _build/pstorage.o
 .bss.m_app_table
                0x200029f4       0x10 _build/pstorage.o
 .bss.m_next_app_instance
                0x20002a04        0x2 _build/pstorage.o
 *fill*         0x20002a06        0x2 
 .bss.m_next_page_addr
                0x20002a08        0x4 _build/pstorage.o
 .bss.m_module_initialized
                0x20002a0c        0x1 _build/pstorage.o
 .bss.m_swap_state
                0x20002a0d        0x1 _build/pstorage.o
 .bss.m_round_val
                0x20002a0e        0x2 _build/pstorage.o
 .bss.current_long_push_pin_no.6321
                0x20002a10        0x1 _build/bsp.o
 *fill*         0x20002a11        0x3 
 .bss.m_indication_type
                0x20002a14        0x4 _build/bsp.o
 .bss.m_button_timer_id
                0x20002a18        0x4 _build/bsp.o
 .bss.m_app_ticks_per_100ms
                0x20002a1c        0x4 _build/bsp.o
 .bss.m_alert_timer_id
                0x20002a20        0x4 _build/bsp.o
 .bss.m_registered_callback
                0x20002a24        0x4 _build/bsp.o
 .bss.m_stable_state
                0x20002a28        0x1 _build/bsp.o
 *fill*         0x20002a29        0x3 
 .bss.release_event_at_push.6322
                0x20002a2c        0x4 _build/bsp.o
 .bss.m_leds_timer_id
                0x20002a30        0x4 _build/bsp.o
 .bss.m_events_list
                0x20002a34        0xc _build/bsp.o
 .bss.m_error_handler
                0x20002a40        0x4 _build/bsp_btn_ble.o
 .bss.m_num_connections
                0x20002a44        0x4 _build/bsp_btn_ble.o
 .bss.BLE_EVT_BUFFER.8285
                0x20002a48       0x48 _build/main.o
 .bss.tx_buf.8376
                0x20002a90      0x100 _build/main.o
 .bss.rx_buf.8375
                0x20002b90        0x4 _build/main.o
 .bss.m_whitelist_temporarily_disabled
                0x20002b94        0x1 _build/main.o
 .bss.m_dm_app_id
                0x20002b95        0x1 _build/main.o
 *fill*         0x20002b96        0x2 
 .bss.m_ble_bas_c
                0x20002b98        0xc _build/main.o
 .bss.m_peer_count
                0x20002ba4        0x1 _build/main.o
 *fill*         0x20002ba5        0x3 
 .bss.m_dm_device_handle
                0x20002ba8        0x4 _build/main.o
 .bss.m_scan_param
                0x20002bac       0x10 _build/main.o
 .bss.m_memory_access_in_progress
                0x20002bbc        0x1 _build/main.o
 *fill*         0x20002bbd        0x3 
 .bss.APP_TIMER_BUF.8394
                0x20002bc0      0x200 _build/main.o
 .bss.m_conn_handle
                0x20002dc0        0x2 _build/main.o
 *fill*         0x20002dc2        0x2 
 .bss.m_ble_db_discovery
                0x20002dc4       0x64 _build/main.o
 .bss.m_ble_hrs_c
                0x20002e28        0xc _build/main.o
 .bss.m_tx_insert_index
                0x20002e34        0x4 _build/ble_bas_c.o
 .bss.m_tx_index
                0x20002e38        0x4 _build/ble_bas_c.o
 .bss.m_tx_buffer
                0x20002e3c       0xa0 _build/ble_bas_c.o
 .bss.mp_ble_bas_c
                0x20002edc        0x4 _build/ble_bas_c.o
 .bss.m_num_of_discoveries_made
                0x20002ee0        0x4 _build/ble_db_discovery.o
 .bss.m_pending_user_evts
                0x20002ee4       0x70 _build/ble_db_discovery.o
 .bss.m_pending_usr_evt_index
                0x20002f54        0x4 _build/ble_db_discovery.o
 .bss.m_registered_handlers
                0x20002f58       0x10 _build/ble_db_discovery.o
 .bss.m_initialized
                0x20002f68        0x1 _build/ble_db_discovery.o
 *fill*         0x20002f69        0x3 
 .bss.m_num_of_handlers_reg
                0x20002f6c        0x4 _build/ble_db_discovery.o
 .bss.m_tx_insert_index
                0x20002f70        0x4 _build/ble_hrs_c.o
 .bss.m_tx_index
                0x20002f74        0x4 _build/ble_hrs_c.o
 .bss.m_tx_buffer
                0x20002f78       0xa0 _build/ble_hrs_c.o
 .bss.mp_ble_hrs_c
                0x20003018        0x4 _build/ble_hrs_c.o
 .bss.m_app_context_table
                0x2000301c       0x1c _build/device_manager_central.o
 .bss.m_module_initialized
                0x20003038        0x1 _build/device_manager_central.o
 *fill*         0x20003039        0x3 
 .bss.m_connection_table
                0x2000303c        0xc _build/device_manager_central.o
 .bss.m_peer_table
                0x20003048       0xa8 _build/device_manager_central.o
 .bss.m_storage_handle
                0x200030f0        0x8 _build/device_manager_central.o
 .bss.m_bond_table
                0x200030f8       0x1c _build/device_manager_central.o
 .bss.m_gatts_table
                0x20003114        0xc _build/device_manager_central.o
 .bss.m_peer_addr_update
                0x20003120        0x4 _build/device_manager_central.o
 .bss.m_application_table
                0x20003124        0xc _build/device_manager_central.o
 .bss.m_softdevice_enabled
                0x20003130        0x1 _build/softdevice_handler.o
 *fill*         0x20003131        0x1 
 .bss.m_ble_evt_buffer_size
                0x20003132        0x2 _build/softdevice_handler.o
 .bss.mp_ble_evt_buffer
                0x20003134        0x4 _build/softdevice_handler.o
 .bss.m_sys_evt_handler
                0x20003138        0x4 _build/softdevice_handler.o
 .bss.m_ble_evt_handler
                0x2000313c        0x4 _build/softdevice_handler.o
 .bss.m_evt_schedule_func
                0x20003140        0x4 _build/softdevice_handler.o
 .bss.__malloc_sbrk_start
                0x20003144        0x4 /opt/gcc-arm-none/bin/../lib/gcc/arm-none-eabi/4.9.3/../../../../arm-none-eabi/lib/armv6-m/libc_nano.a(lib_a-nano-mallocr.o)
                0x20003144                __malloc_sbrk_start
 .bss.__malloc_free_list
                0x20003148        0x4 /opt/gcc-arm-none/bin/../lib/gcc/arm-none-eabi/4.9.3/../../../../arm-none-eabi/lib/armv6-m/libc_nano.a(lib_a-nano-mallocr.o)
                0x20003148                __malloc_free_list
 .bss.heap_end.4079
                0x2000314c        0x4 /opt/gcc-arm-none/bin/../lib/gcc/arm-none-eabi/4.9.3/../../../../arm-none-eabi/lib/armv6-m/libnosys.a(sbrk.o)
 *(COMMON)
 COMMON         0x20003150        0x4 /opt/gcc-arm-none/bin/../lib/gcc/arm-none-eabi/4.9.3/../../../../arm-none-eabi/lib/armv6-m/libc_nano.a(lib_a-reent.o)
                0x20003150                errno
                0x20003154                . = ALIGN (0x4)
                0x20003154                __bss_end__ = .

.heap           0x20003158        0x0
                0x20003158                __end__ = .
                0x20003158                end = __end__
 *(.heap*)
 .heap          0x20003158        0x0 _build/gcc_startup_nrf51.o
                0x20003158                __HeapLimit = .

.stack_dummy    0x20003158      0x800
 *(.stack*)
 .stack         0x20003158      0x800 _build/gcc_startup_nrf51.o
                0x20008000                __StackTop = (ORIGIN (RAM) + 0x5800)
                0x20007800                __StackLimit = (__StackTop - SIZEOF (.stack_dummy))
                0x20008000                PROVIDE (__stack, __StackTop)
                0x00000001                ASSERT ((__StackLimit >= __HeapLimit), region RAM overflowed with stack)
OUTPUT(_build/nrf51422_xxac_s130.out elf32-littlearm)

.ARM.attributes
                0x00000000       0x28
 .ARM.attributes
                0x00000000       0x1e /opt/gcc-arm-none/bin/../lib/gcc/arm-none-eabi/4.9.3/armv6-m/crti.o
 .ARM.attributes
                0x0000001e       0x1b /opt/gcc-arm-none/bin/../lib/gcc/arm-none-eabi/4.9.3/../../../../arm-none-eabi/lib/armv6-m/crt0.o
 .ARM.attributes
                0x00000039       0x2c /opt/gcc-arm-none/bin/../lib/gcc/arm-none-eabi/4.9.3/../../../../arm-none-eabi/lib/armv6-m/libc_nano.a(lib_a-exit.o)
 .ARM.attributes
                0x00000065       0x2c /opt/gcc-arm-none/bin/../lib/gcc/arm-none-eabi/4.9.3/../../../../arm-none-eabi/lib/armv6-m/libc_nano.a(lib_a-impure.o)
 .ARM.attributes
                0x00000091       0x2c /opt/gcc-arm-none/bin/../lib/gcc/arm-none-eabi/4.9.3/../../../../arm-none-eabi/lib/armv6-m/libc_nano.a(lib_a-init.o)
 .ARM.attributes
                0x000000bd       0x2c /opt/gcc-arm-none/bin/../lib/gcc/arm-none-eabi/4.9.3/../../../../arm-none-eabi/lib/armv6-m/libc_nano.a(lib_a-memset.o)
 .ARM.attributes
                0x000000e9       0x2c /opt/gcc-arm-none/bin/../lib/gcc/arm-none-eabi/4.9.3/../../../../arm-none-eabi/lib/armv6-m/libnosys.a(_exit.o)
 .ARM.attributes
                0x00000115       0x31 _build/app_button.o
 .ARM.attributes
                0x00000146       0x31 _build/app_error.o
 .ARM.attributes
                0x00000177       0x31 _build/app_fifo.o
 .ARM.attributes
                0x000001a8       0x31 _build/app_timer.o
 .ARM.attributes
                0x000001d9       0x31 _build/retarget.o
 .ARM.attributes
                0x0000020a       0x31 _build/app_uart_fifo.o
 .ARM.attributes
                0x0000023b       0x31 _build/nrf_drv_common.o
 .ARM.attributes
                0x0000026c       0x31 _build/nrf_drv_gpiote.o
 .ARM.attributes
                0x0000029d       0x31 _build/pstorage.o
 .ARM.attributes
                0x000002ce       0x31 _build/bsp.o
 .ARM.attributes
                0x000002ff       0x31 _build/bsp_btn_ble.o
 .ARM.attributes
                0x00000330       0x31 _build/main.o
 .ARM.attributes
                0x00000361       0x31 _build/ble_bas_c.o
 .ARM.attributes
                0x00000392       0x31 _build/ble_db_discovery.o
 .ARM.attributes
                0x000003c3       0x31 _build/ble_hrs_c.o
 .ARM.attributes
                0x000003f4       0x31 _build/device_manager_central.o
 .ARM.attributes
                0x00000425       0x31 _build/system_nrf51.o
 .ARM.attributes
                0x00000456       0x31 _build/softdevice_handler.o
 .ARM.attributes
                0x00000487       0x1b _build/gcc_startup_nrf51.o
 .ARM.attributes
                0x000004a2       0x1e /opt/gcc-arm-none/bin/../lib/gcc/arm-none-eabi/4.9.3/armv6-m/libgcc.a(_udivsi3.o)
 .ARM.attributes
                0x000004c0       0x1e /opt/gcc-arm-none/bin/../lib/gcc/arm-none-eabi/4.9.3/armv6-m/libgcc.a(_dvmd_tls.o)
 .ARM.attributes
                0x000004de       0x2c /opt/gcc-arm-none/bin/../lib/gcc/arm-none-eabi/4.9.3/../../../../arm-none-eabi/lib/armv6-m/libc_nano.a(lib_a-memcmp.o)
 .ARM.attributes
                0x0000050a       0x2c /opt/gcc-arm-none/bin/../lib/gcc/arm-none-eabi/4.9.3/../../../../arm-none-eabi/lib/armv6-m/libc_nano.a(lib_a-memcpy.o)
 .ARM.attributes
                0x00000536       0x2c /opt/gcc-arm-none/bin/../lib/gcc/arm-none-eabi/4.9.3/../../../../arm-none-eabi/lib/armv6-m/libc_nano.a(lib_a-printf.o)
 .ARM.attributes
                0x00000562       0x2c /opt/gcc-arm-none/bin/../lib/gcc/arm-none-eabi/4.9.3/../../../../arm-none-eabi/lib/armv6-m/libc_nano.a(lib_a-findfp.o)
 .ARM.attributes
                0x0000058e       0x2c /opt/gcc-arm-none/bin/../lib/gcc/arm-none-eabi/4.9.3/../../../../arm-none-eabi/lib/armv6-m/libc_nano.a(lib_a-fwalk.o)
 .ARM.attributes
                0x000005ba       0x2c /opt/gcc-arm-none/bin/../lib/gcc/arm-none-eabi/4.9.3/../../../../arm-none-eabi/lib/armv6-m/libc_nano.a(lib_a-nano-mallocr.o)
 .ARM.attributes
                0x000005e6       0x2c /opt/gcc-arm-none/bin/../lib/gcc/arm-none-eabi/4.9.3/../../../../arm-none-eabi/lib/armv6-m/libc_nano.a(lib_a-nano-vfprintf.o)
 .ARM.attributes
                0x00000612       0x2c /opt/gcc-arm-none/bin/../lib/gcc/arm-none-eabi/4.9.3/../../../../arm-none-eabi/lib/armv6-m/libc_nano.a(lib_a-nano-vfprintf_i.o)
 .ARM.attributes
                0x0000063e       0x2c /opt/gcc-arm-none/bin/../lib/gcc/arm-none-eabi/4.9.3/../../../../arm-none-eabi/lib/armv6-m/libc_nano.a(lib_a-sbrkr.o)
 .ARM.attributes
                0x0000066a       0x2c /opt/gcc-arm-none/bin/../lib/gcc/arm-none-eabi/4.9.3/../../../../arm-none-eabi/lib/armv6-m/libc_nano.a(lib_a-stdio.o)
 .ARM.attributes
                0x00000696       0x2c /opt/gcc-arm-none/bin/../lib/gcc/arm-none-eabi/4.9.3/../../../../arm-none-eabi/lib/armv6-m/libc_nano.a(lib_a-wbuf.o)
 .ARM.attributes
                0x000006c2       0x2c /opt/gcc-arm-none/bin/../lib/gcc/arm-none-eabi/4.9.3/../../../../arm-none-eabi/lib/armv6-m/libc_nano.a(lib_a-writer.o)
 .ARM.attributes
                0x000006ee       0x2c /opt/gcc-arm-none/bin/../lib/gcc/arm-none-eabi/4.9.3/../../../../arm-none-eabi/lib/armv6-m/libc_nano.a(lib_a-wsetup.o)
 .ARM.attributes
                0x0000071a       0x2c /opt/gcc-arm-none/bin/../lib/gcc/arm-none-eabi/4.9.3/../../../../arm-none-eabi/lib/armv6-m/libc_nano.a(lib_a-closer.o)
 .ARM.attributes
                0x00000746       0x2c /opt/gcc-arm-none/bin/../lib/gcc/arm-none-eabi/4.9.3/../../../../arm-none-eabi/lib/armv6-m/libc_nano.a(lib_a-fflush.o)
 .ARM.attributes
                0x00000772       0x2c /opt/gcc-arm-none/bin/../lib/gcc/arm-none-eabi/4.9.3/../../../../arm-none-eabi/lib/armv6-m/libc_nano.a(lib_a-lseekr.o)
 .ARM.attributes
                0x0000079e       0x2c /opt/gcc-arm-none/bin/../lib/gcc/arm-none-eabi/4.9.3/../../../../arm-none-eabi/lib/armv6-m/libc_nano.a(lib_a-makebuf.o)
 .ARM.attributes
                0x000007ca       0x2c /opt/gcc-arm-none/bin/../lib/gcc/arm-none-eabi/4.9.3/../../../../arm-none-eabi/lib/armv6-m/libc_nano.a(lib_a-memchr.o)
 .ARM.attributes
                0x000007f6       0x2c /opt/gcc-arm-none/bin/../lib/gcc/arm-none-eabi/4.9.3/../../../../arm-none-eabi/lib/armv6-m/libc_nano.a(lib_a-nano-freer.o)
 .ARM.attributes
                0x00000822       0x2c /opt/gcc-arm-none/bin/../lib/gcc/arm-none-eabi/4.9.3/../../../../arm-none-eabi/lib/armv6-m/libc_nano.a(lib_a-readr.o)
 .ARM.attributes
                0x0000084e       0x2c /opt/gcc-arm-none/bin/../lib/gcc/arm-none-eabi/4.9.3/../../../../arm-none-eabi/lib/armv6-m/libc_nano.a(lib_a-reent.o)
 .ARM.attributes
                0x0000087a       0x2c /opt/gcc-arm-none/bin/../lib/gcc/arm-none-eabi/4.9.3/../../../../arm-none-eabi/lib/armv6-m/libc_nano.a(lib_a-fstatr.o)
 .ARM.attributes
                0x000008a6       0x2c /opt/gcc-arm-none/bin/../lib/gcc/arm-none-eabi/4.9.3/../../../../arm-none-eabi/lib/armv6-m/libc_nano.a(lib_a-isattyr.o)
 .ARM.attributes
                0x000008d2       0x1e /opt/gcc-arm-none/bin/../lib/gcc/arm-none-eabi/4.9.3/armv6-m/crtn.o
 .ARM.attributes
                0x000008f0       0x2c /opt/gcc-arm-none/bin/../lib/gcc/arm-none-eabi/4.9.3/../../../../arm-none-eabi/lib/armv6-m/libnosys.a(close.o)
 .ARM.attributes
                0x0000091c       0x2c /opt/gcc-arm-none/bin/../lib/gcc/arm-none-eabi/4.9.3/../../../../arm-none-eabi/lib/armv6-m/libnosys.a(fstat.o)
 .ARM.attributes
                0x00000948       0x2c /opt/gcc-arm-none/bin/../lib/gcc/arm-none-eabi/4.9.3/../../../../arm-none-eabi/lib/armv6-m/libnosys.a(isatty.o)
 .ARM.attributes
                0x00000974       0x2c /opt/gcc-arm-none/bin/../lib/gcc/arm-none-eabi/4.9.3/../../../../arm-none-eabi/lib/armv6-m/libnosys.a(lseek.o)
 .ARM.attributes
                0x000009a0       0x2c /opt/gcc-arm-none/bin/../lib/gcc/arm-none-eabi/4.9.3/../../../../arm-none-eabi/lib/armv6-m/libnosys.a(sbrk.o)

.comment        0x00000000       0x70
 .comment       0x00000000       0x70 _build/app_button.o
                                 0x71 (size before relaxing)
 .comment       0x00000000       0x71 _build/app_error.o
 .comment       0x00000000       0x71 _build/app_fifo.o
 .comment       0x00000000       0x71 _build/app_timer.o
 .comment       0x00000000       0x71 _build/retarget.o
 .comment       0x00000000       0x71 _build/app_uart_fifo.o
 .comment       0x00000000       0x71 _build/nrf_drv_common.o
 .comment       0x00000000       0x71 _build/nrf_drv_gpiote.o
 .comment       0x00000000       0x71 _build/pstorage.o
 .comment       0x00000000       0x71 _build/bsp.o
 .comment       0x00000000       0x71 _build/bsp_btn_ble.o
 .comment       0x00000000       0x71 _build/main.o
 .comment       0x00000000       0x71 _build/ble_bas_c.o
 .comment       0x00000000       0x71 _build/ble_db_discovery.o
 .comment       0x00000000       0x71 _build/ble_hrs_c.o
 .comment       0x00000000       0x71 _build/device_manager_central.o
 .comment       0x00000000       0x71 _build/system_nrf51.o
 .comment       0x00000000       0x71 _build/softdevice_handler.o

.debug_frame    0x00000000      0x810
 .debug_frame   0x00000000       0x28 /opt/gcc-arm-none/bin/../lib/gcc/arm-none-eabi/4.9.3/../../../../arm-none-eabi/lib/armv6-m/libc_nano.a(lib_a-exit.o)
 .debug_frame   0x00000028       0x2c /opt/gcc-arm-none/bin/../lib/gcc/arm-none-eabi/4.9.3/../../../../arm-none-eabi/lib/armv6-m/libc_nano.a(lib_a-init.o)
 .debug_frame   0x00000054       0x20 /opt/gcc-arm-none/bin/../lib/gcc/arm-none-eabi/4.9.3/../../../../arm-none-eabi/lib/armv6-m/libc_nano.a(lib_a-memset.o)
 .debug_frame   0x00000074       0x20 /opt/gcc-arm-none/bin/../lib/gcc/arm-none-eabi/4.9.3/../../../../arm-none-eabi/lib/armv6-m/libnosys.a(_exit.o)
 .debug_frame   0x00000094       0x20 /opt/gcc-arm-none/bin/../lib/gcc/arm-none-eabi/4.9.3/armv6-m/libgcc.a(_udivsi3.o)
 .debug_frame   0x000000b4       0x2c /opt/gcc-arm-none/bin/../lib/gcc/arm-none-eabi/4.9.3/../../../../arm-none-eabi/lib/armv6-m/libc_nano.a(lib_a-memcmp.o)
 .debug_frame   0x000000e0       0x28 /opt/gcc-arm-none/bin/../lib/gcc/arm-none-eabi/4.9.3/../../../../arm-none-eabi/lib/armv6-m/libc_nano.a(lib_a-memcpy.o)
 .debug_frame   0x00000108       0x50 /opt/gcc-arm-none/bin/../lib/gcc/arm-none-eabi/4.9.3/../../../../arm-none-eabi/lib/armv6-m/libc_nano.a(lib_a-printf.o)
 .debug_frame   0x00000158      0x140 /opt/gcc-arm-none/bin/../lib/gcc/arm-none-eabi/4.9.3/../../../../arm-none-eabi/lib/armv6-m/libc_nano.a(lib_a-findfp.o)
 .debug_frame   0x00000298       0x58 /opt/gcc-arm-none/bin/../lib/gcc/arm-none-eabi/4.9.3/../../../../arm-none-eabi/lib/armv6-m/libc_nano.a(lib_a-fwalk.o)
 .debug_frame   0x000002f0       0x2c /opt/gcc-arm-none/bin/../lib/gcc/arm-none-eabi/4.9.3/../../../../arm-none-eabi/lib/armv6-m/libc_nano.a(lib_a-nano-mallocr.o)
 .debug_frame   0x0000031c       0xa0 /opt/gcc-arm-none/bin/../lib/gcc/arm-none-eabi/4.9.3/../../../../arm-none-eabi/lib/armv6-m/libc_nano.a(lib_a-nano-vfprintf.o)
 .debug_frame   0x000003bc       0x54 /opt/gcc-arm-none/bin/../lib/gcc/arm-none-eabi/4.9.3/../../../../arm-none-eabi/lib/armv6-m/libc_nano.a(lib_a-nano-vfprintf_i.o)
 .debug_frame   0x00000410       0x2c /opt/gcc-arm-none/bin/../lib/gcc/arm-none-eabi/4.9.3/../../../../arm-none-eabi/lib/armv6-m/libc_nano.a(lib_a-sbrkr.o)
 .debug_frame   0x0000043c       0x90 /opt/gcc-arm-none/bin/../lib/gcc/arm-none-eabi/4.9.3/../../../../arm-none-eabi/lib/armv6-m/libc_nano.a(lib_a-stdio.o)
 .debug_frame   0x000004cc       0x44 /opt/gcc-arm-none/bin/../lib/gcc/arm-none-eabi/4.9.3/../../../../arm-none-eabi/lib/armv6-m/libc_nano.a(lib_a-wbuf.o)
 .debug_frame   0x00000510       0x2c /opt/gcc-arm-none/bin/../lib/gcc/arm-none-eabi/4.9.3/../../../../arm-none-eabi/lib/armv6-m/libc_nano.a(lib_a-writer.o)
 .debug_frame   0x0000053c       0x2c /opt/gcc-arm-none/bin/../lib/gcc/arm-none-eabi/4.9.3/../../../../arm-none-eabi/lib/armv6-m/libc_nano.a(lib_a-wsetup.o)
 .debug_frame   0x00000568       0x2c /opt/gcc-arm-none/bin/../lib/gcc/arm-none-eabi/4.9.3/../../../../arm-none-eabi/lib/armv6-m/libc_nano.a(lib_a-closer.o)
 .debug_frame   0x00000594       0x68 /opt/gcc-arm-none/bin/../lib/gcc/arm-none-eabi/4.9.3/../../../../arm-none-eabi/lib/armv6-m/libc_nano.a(lib_a-fflush.o)
 .debug_frame   0x000005fc       0x2c /opt/gcc-arm-none/bin/../lib/gcc/arm-none-eabi/4.9.3/../../../../arm-none-eabi/lib/armv6-m/libc_nano.a(lib_a-lseekr.o)
 .debug_frame   0x00000628       0x30 /opt/gcc-arm-none/bin/../lib/gcc/arm-none-eabi/4.9.3/../../../../arm-none-eabi/lib/armv6-m/libc_nano.a(lib_a-makebuf.o)
 .debug_frame   0x00000658       0x20 /opt/gcc-arm-none/bin/../lib/gcc/arm-none-eabi/4.9.3/../../../../arm-none-eabi/lib/armv6-m/libc_nano.a(lib_a-memchr.o)
 .debug_frame   0x00000678       0x2c /opt/gcc-arm-none/bin/../lib/gcc/arm-none-eabi/4.9.3/../../../../arm-none-eabi/lib/armv6-m/libc_nano.a(lib_a-nano-freer.o)
 .debug_frame   0x000006a4       0x2c /opt/gcc-arm-none/bin/../lib/gcc/arm-none-eabi/4.9.3/../../../../arm-none-eabi/lib/armv6-m/libc_nano.a(lib_a-readr.o)
 .debug_frame   0x000006d0       0x48 /opt/gcc-arm-none/bin/../lib/gcc/arm-none-eabi/4.9.3/../../../../arm-none-eabi/lib/armv6-m/libc_nano.a(lib_a-reent.o)
 .debug_frame   0x00000718       0x2c /opt/gcc-arm-none/bin/../lib/gcc/arm-none-eabi/4.9.3/../../../../arm-none-eabi/lib/armv6-m/libc_nano.a(lib_a-fstatr.o)
 .debug_frame   0x00000744       0x2c /opt/gcc-arm-none/bin/../lib/gcc/arm-none-eabi/4.9.3/../../../../arm-none-eabi/lib/armv6-m/libc_nano.a(lib_a-isattyr.o)
 .debug_frame   0x00000770       0x20 /opt/gcc-arm-none/bin/../lib/gcc/arm-none-eabi/4.9.3/../../../../arm-none-eabi/lib/armv6-m/libnosys.a(close.o)
 .debug_frame   0x00000790       0x20 /opt/gcc-arm-none/bin/../lib/gcc/arm-none-eabi/4.9.3/../../../../arm-none-eabi/lib/armv6-m/libnosys.a(fstat.o)
 .debug_frame   0x000007b0       0x20 /opt/gcc-arm-none/bin/../lib/gcc/arm-none-eabi/4.9.3/../../../../arm-none-eabi/lib/armv6-m/libnosys.a(isatty.o)
 .debug_frame   0x000007d0       0x20 /opt/gcc-arm-none/bin/../lib/gcc/arm-none-eabi/4.9.3/../../../../arm-none-eabi/lib/armv6-m/libnosys.a(lseek.o)
 .debug_frame   0x000007f0       0x20 /opt/gcc-arm-none/bin/../lib/gcc/arm-none-eabi/4.9.3/../../../../arm-none-eabi/lib/armv6-m/libnosys.a(sbrk.o)

.stab           0x00000000       0x6c
 .stab          0x00000000       0x24 /opt/gcc-arm-none/bin/../lib/gcc/arm-none-eabi/4.9.3/../../../../arm-none-eabi/lib/armv6-m/libnosys.a(close.o)
 .stab          0x00000024       0x18 /opt/gcc-arm-none/bin/../lib/gcc/arm-none-eabi/4.9.3/../../../../arm-none-eabi/lib/armv6-m/libnosys.a(fstat.o)
                                 0x24 (size before relaxing)
 .stab          0x0000003c       0x18 /opt/gcc-arm-none/bin/../lib/gcc/arm-none-eabi/4.9.3/../../../../arm-none-eabi/lib/armv6-m/libnosys.a(isatty.o)
                                 0x24 (size before relaxing)
 .stab          0x00000054       0x18 /opt/gcc-arm-none/bin/../lib/gcc/arm-none-eabi/4.9.3/../../../../arm-none-eabi/lib/armv6-m/libnosys.a(lseek.o)
                                 0x24 (size before relaxing)

.stabstr        0x00000000       0xe3
 .stabstr       0x00000000       0xe3 /opt/gcc-arm-none/bin/../lib/gcc/arm-none-eabi/4.9.3/../../../../arm-none-eabi/lib/armv6-m/libnosys.a(close.o)
