Archive member included because of file (symbol)

/opt/gcc-arm-none/bin/../lib/gcc/arm-none-eabi/4.9.3/../../../../arm-none-eabi/lib/armv6-m/libc_nano.a(lib_a-exit.o)
                              /opt/gcc-arm-none/bin/../lib/gcc/arm-none-eabi/4.9.3/../../../../arm-none-eabi/lib/armv6-m/crt0.o (exit)
/opt/gcc-arm-none/bin/../lib/gcc/arm-none-eabi/4.9.3/../../../../arm-none-eabi/lib/armv6-m/libc_nano.a(lib_a-impure.o)
                              /opt/gcc-arm-none/bin/../lib/gcc/arm-none-eabi/4.9.3/../../../../arm-none-eabi/lib/armv6-m/libc_nano.a(lib_a-exit.o) (_global_impure_ptr)
/opt/gcc-arm-none/bin/../lib/gcc/arm-none-eabi/4.9.3/../../../../arm-none-eabi/lib/armv6-m/libc_nano.a(lib_a-init.o)
                              /opt/gcc-arm-none/bin/../lib/gcc/arm-none-eabi/4.9.3/../../../../arm-none-eabi/lib/armv6-m/crt0.o (__libc_init_array)
/opt/gcc-arm-none/bin/../lib/gcc/arm-none-eabi/4.9.3/../../../../arm-none-eabi/lib/armv6-m/libc_nano.a(lib_a-memset.o)
                              /opt/gcc-arm-none/bin/../lib/gcc/arm-none-eabi/4.9.3/../../../../arm-none-eabi/lib/armv6-m/crt0.o (memset)
/opt/gcc-arm-none/bin/../lib/gcc/arm-none-eabi/4.9.3/../../../../arm-none-eabi/lib/armv6-m/libnosys.a(_exit.o)
                              /opt/gcc-arm-none/bin/../lib/gcc/arm-none-eabi/4.9.3/../../../../arm-none-eabi/lib/armv6-m/libc_nano.a(lib_a-exit.o) (_exit)

Discarded input sections

 .text          0x00000000        0x0 /opt/gcc-arm-none/bin/../lib/gcc/arm-none-eabi/4.9.3/armv6-m/crti.o
 .data          0x00000000        0x0 /opt/gcc-arm-none/bin/../lib/gcc/arm-none-eabi/4.9.3/armv6-m/crti.o
 .bss           0x00000000        0x0 /opt/gcc-arm-none/bin/../lib/gcc/arm-none-eabi/4.9.3/armv6-m/crti.o
 .text          0x00000000       0x60 /opt/gcc-arm-none/bin/../lib/gcc/arm-none-eabi/4.9.3/armv6-m/crtbegin.o
 .data          0x00000000        0x4 /opt/gcc-arm-none/bin/../lib/gcc/arm-none-eabi/4.9.3/armv6-m/crtbegin.o
 .bss           0x00000000       0x1c /opt/gcc-arm-none/bin/../lib/gcc/arm-none-eabi/4.9.3/armv6-m/crtbegin.o
 .init_array    0x00000000        0x4 /opt/gcc-arm-none/bin/../lib/gcc/arm-none-eabi/4.9.3/armv6-m/crtbegin.o
 .fini_array    0x00000000        0x4 /opt/gcc-arm-none/bin/../lib/gcc/arm-none-eabi/4.9.3/armv6-m/crtbegin.o
 .eh_frame      0x00000000        0x0 /opt/gcc-arm-none/bin/../lib/gcc/arm-none-eabi/4.9.3/armv6-m/crtbegin.o
 .jcr           0x00000000        0x0 /opt/gcc-arm-none/bin/../lib/gcc/arm-none-eabi/4.9.3/armv6-m/crtbegin.o
 .ARM.attributes
                0x00000000       0x2c /opt/gcc-arm-none/bin/../lib/gcc/arm-none-eabi/4.9.3/armv6-m/crtbegin.o
 .data          0x00000000        0x0 /opt/gcc-arm-none/bin/../lib/gcc/arm-none-eabi/4.9.3/../../../../arm-none-eabi/lib/armv6-m/crt0.o
 .bss           0x00000000        0x0 /opt/gcc-arm-none/bin/../lib/gcc/arm-none-eabi/4.9.3/../../../../arm-none-eabi/lib/armv6-m/crt0.o
 .ARM.extab     0x00000000        0x0 /opt/gcc-arm-none/bin/../lib/gcc/arm-none-eabi/4.9.3/../../../../arm-none-eabi/lib/armv6-m/crt0.o
 .text          0x00000000        0x0 /opt/gcc-arm-none/bin/../lib/gcc/arm-none-eabi/4.9.3/../../../../arm-none-eabi/lib/armv6-m/libc_nano.a(lib_a-exit.o)
 .data          0x00000000        0x0 /opt/gcc-arm-none/bin/../lib/gcc/arm-none-eabi/4.9.3/../../../../arm-none-eabi/lib/armv6-m/libc_nano.a(lib_a-exit.o)
 .bss           0x00000000        0x0 /opt/gcc-arm-none/bin/../lib/gcc/arm-none-eabi/4.9.3/../../../../arm-none-eabi/lib/armv6-m/libc_nano.a(lib_a-exit.o)
 .text          0x00000000        0x0 /opt/gcc-arm-none/bin/../lib/gcc/arm-none-eabi/4.9.3/../../../../arm-none-eabi/lib/armv6-m/libc_nano.a(lib_a-impure.o)
 .data          0x00000000        0x0 /opt/gcc-arm-none/bin/../lib/gcc/arm-none-eabi/4.9.3/../../../../arm-none-eabi/lib/armv6-m/libc_nano.a(lib_a-impure.o)
 .bss           0x00000000        0x0 /opt/gcc-arm-none/bin/../lib/gcc/arm-none-eabi/4.9.3/../../../../arm-none-eabi/lib/armv6-m/libc_nano.a(lib_a-impure.o)
 .data._impure_ptr
                0x00000000        0x4 /opt/gcc-arm-none/bin/../lib/gcc/arm-none-eabi/4.9.3/../../../../arm-none-eabi/lib/armv6-m/libc_nano.a(lib_a-impure.o)
 .text          0x00000000        0x0 /opt/gcc-arm-none/bin/../lib/gcc/arm-none-eabi/4.9.3/../../../../arm-none-eabi/lib/armv6-m/libc_nano.a(lib_a-init.o)
 .data          0x00000000        0x0 /opt/gcc-arm-none/bin/../lib/gcc/arm-none-eabi/4.9.3/../../../../arm-none-eabi/lib/armv6-m/libc_nano.a(lib_a-init.o)
 .bss           0x00000000        0x0 /opt/gcc-arm-none/bin/../lib/gcc/arm-none-eabi/4.9.3/../../../../arm-none-eabi/lib/armv6-m/libc_nano.a(lib_a-init.o)
 .text          0x00000000        0x0 /opt/gcc-arm-none/bin/../lib/gcc/arm-none-eabi/4.9.3/../../../../arm-none-eabi/lib/armv6-m/libc_nano.a(lib_a-memset.o)
 .data          0x00000000        0x0 /opt/gcc-arm-none/bin/../lib/gcc/arm-none-eabi/4.9.3/../../../../arm-none-eabi/lib/armv6-m/libc_nano.a(lib_a-memset.o)
 .bss           0x00000000        0x0 /opt/gcc-arm-none/bin/../lib/gcc/arm-none-eabi/4.9.3/../../../../arm-none-eabi/lib/armv6-m/libc_nano.a(lib_a-memset.o)
 .text          0x00000000        0x0 /opt/gcc-arm-none/bin/../lib/gcc/arm-none-eabi/4.9.3/../../../../arm-none-eabi/lib/armv6-m/libnosys.a(_exit.o)
 .data          0x00000000        0x0 /opt/gcc-arm-none/bin/../lib/gcc/arm-none-eabi/4.9.3/../../../../arm-none-eabi/lib/armv6-m/libnosys.a(_exit.o)
 .bss           0x00000000        0x0 /opt/gcc-arm-none/bin/../lib/gcc/arm-none-eabi/4.9.3/../../../../arm-none-eabi/lib/armv6-m/libnosys.a(_exit.o)
 .text          0x00000000        0x0 _build/system_nrf51.o
 .data          0x00000000        0x0 _build/system_nrf51.o
 .bss           0x00000000        0x0 _build/system_nrf51.o
 .text.SystemCoreClockUpdate
                0x00000000       0x10 _build/system_nrf51.o
 .data.SystemCoreClock
                0x00000000        0x4 _build/system_nrf51.o
 .text          0x00000000        0x0 _build/main.o
 .data          0x00000000        0x0 _build/main.o
 .bss           0x00000000        0x0 _build/main.o
 .text          0x00000000        0x0 _build/nrf_delay.o
 .data          0x00000000        0x0 _build/nrf_delay.o
 .bss           0x00000000        0x0 _build/nrf_delay.o
 .data          0x00000000        0x0 _build/gcc_startup_nrf51.o
 .bss           0x00000000        0x0 _build/gcc_startup_nrf51.o
 .ARM.extab     0x00000000        0x0 _build/gcc_startup_nrf51.o
 .text          0x00000000        0x0 /opt/gcc-arm-none/bin/../lib/gcc/arm-none-eabi/4.9.3/armv6-m/crtend.o
 .data          0x00000000        0x0 /opt/gcc-arm-none/bin/../lib/gcc/arm-none-eabi/4.9.3/armv6-m/crtend.o
 .bss           0x00000000        0x0 /opt/gcc-arm-none/bin/../lib/gcc/arm-none-eabi/4.9.3/armv6-m/crtend.o
 .eh_frame      0x00000000        0x4 /opt/gcc-arm-none/bin/../lib/gcc/arm-none-eabi/4.9.3/armv6-m/crtend.o
 .jcr           0x00000000        0x4 /opt/gcc-arm-none/bin/../lib/gcc/arm-none-eabi/4.9.3/armv6-m/crtend.o
 .ARM.attributes
                0x00000000       0x2c /opt/gcc-arm-none/bin/../lib/gcc/arm-none-eabi/4.9.3/armv6-m/crtend.o
 .text          0x00000000        0x0 /opt/gcc-arm-none/bin/../lib/gcc/arm-none-eabi/4.9.3/armv6-m/crtn.o
 .data          0x00000000        0x0 /opt/gcc-arm-none/bin/../lib/gcc/arm-none-eabi/4.9.3/armv6-m/crtn.o
 .bss           0x00000000        0x0 /opt/gcc-arm-none/bin/../lib/gcc/arm-none-eabi/4.9.3/armv6-m/crtn.o

Memory Configuration

Name             Origin             Length             Attributes
FLASH            0x00018000         0x00028000         xr
RAM              0x20002000         0x00006000         xrw
*default*        0x00000000         0xffffffff

Linker script and memory map

LOAD /opt/gcc-arm-none/bin/../lib/gcc/arm-none-eabi/4.9.3/armv6-m/crti.o
LOAD /opt/gcc-arm-none/bin/../lib/gcc/arm-none-eabi/4.9.3/armv6-m/crtbegin.o
LOAD /opt/gcc-arm-none/bin/../lib/gcc/arm-none-eabi/4.9.3/../../../../arm-none-eabi/lib/armv6-m/crt0.o
LOAD /opt/gcc-arm-none/bin/../lib/gcc/arm-none-eabi/4.9.3/../../../../arm-none-eabi/lib/armv6-m/libc_nano.a
LOAD /opt/gcc-arm-none/bin/../lib/gcc/arm-none-eabi/4.9.3/../../../../arm-none-eabi/lib/armv6-m/libnosys.a
LOAD _build/system_nrf51.o
LOAD _build/main.o
LOAD _build/nrf_delay.o
LOAD _build/gcc_startup_nrf51.o
START GROUP
LOAD /opt/gcc-arm-none/bin/../lib/gcc/arm-none-eabi/4.9.3/armv6-m/libgcc.a
LOAD /opt/gcc-arm-none/bin/../lib/gcc/arm-none-eabi/4.9.3/../../../../arm-none-eabi/lib/armv6-m/libc_nano.a
END GROUP
START GROUP
LOAD /opt/gcc-arm-none/bin/../lib/gcc/arm-none-eabi/4.9.3/armv6-m/libgcc.a
LOAD /opt/gcc-arm-none/bin/../lib/gcc/arm-none-eabi/4.9.3/../../../../arm-none-eabi/lib/armv6-m/libc_nano.a
END GROUP
LOAD /opt/gcc-arm-none/bin/../lib/gcc/arm-none-eabi/4.9.3/armv6-m/crtend.o
LOAD /opt/gcc-arm-none/bin/../lib/gcc/arm-none-eabi/4.9.3/armv6-m/crtn.o
START GROUP
LOAD /opt/gcc-arm-none/bin/../lib/gcc/arm-none-eabi/4.9.3/armv6-m/libgcc.a
LOAD /opt/gcc-arm-none/bin/../lib/gcc/arm-none-eabi/4.9.3/../../../../arm-none-eabi/lib/armv6-m/libc.a
LOAD /opt/gcc-arm-none/bin/../lib/gcc/arm-none-eabi/4.9.3/../../../../arm-none-eabi/lib/armv6-m/libnosys.a
END GROUP

.text           0x00018000      0x384
 *(.Vectors)
 .Vectors       0x00018000       0xc0 _build/gcc_startup_nrf51.o
                0x00018000                __Vectors
 *(.text*)
 .text          0x000180c0       0x78 /opt/gcc-arm-none/bin/../lib/gcc/arm-none-eabi/4.9.3/../../../../arm-none-eabi/lib/armv6-m/crt0.o
                0x000180c0                _mainCRTStartup
                0x000180c0                _start
 .text.exit     0x00018138       0x2c /opt/gcc-arm-none/bin/../lib/gcc/arm-none-eabi/4.9.3/../../../../arm-none-eabi/lib/armv6-m/libc_nano.a(lib_a-exit.o)
                0x00018138                exit
 .text.__libc_init_array
                0x00018164       0x4c /opt/gcc-arm-none/bin/../lib/gcc/arm-none-eabi/4.9.3/../../../../arm-none-eabi/lib/armv6-m/libc_nano.a(lib_a-init.o)
                0x00018164                __libc_init_array
 .text.memset   0x000181b0       0x10 /opt/gcc-arm-none/bin/../lib/gcc/arm-none-eabi/4.9.3/../../../../arm-none-eabi/lib/armv6-m/libc_nano.a(lib_a-memset.o)
                0x000181b0                memset
 .text._exit    0x000181c0        0x4 /opt/gcc-arm-none/bin/../lib/gcc/arm-none-eabi/4.9.3/../../../../arm-none-eabi/lib/armv6-m/libnosys.a(_exit.o)
                0x000181c0                _exit
 .text.SystemInit
                0x000181c4       0x9c _build/system_nrf51.o
                0x000181c4                SystemInit
 .text.startup.main
                0x00018260       0x70 _build/main.o
                0x00018260                main
 .text.nrf_delay_ms
                0x000182d0       0x3c _build/nrf_delay.o
                0x000182d0                nrf_delay_ms
 .text          0x0001830c       0x54 _build/gcc_startup_nrf51.o
                0x0001830c                Reset_Handler
                0x00018354                NMI_Handler
                0x00018356                HardFault_Handler
                0x00018358                SVC_Handler
                0x0001835a                PendSV_Handler
                0x0001835c                SysTick_Handler
                0x0001835e                TIMER2_IRQHandler
                0x0001835e                SPI0_TWI0_IRQHandler
                0x0001835e                RTC0_IRQHandler
                0x0001835e                GPIOTE_IRQHandler
                0x0001835e                POWER_CLOCK_IRQHandler
                0x0001835e                RADIO_IRQHandler
                0x0001835e                LPCOMP_IRQHandler
                0x0001835e                SWI4_IRQHandler
                0x0001835e                TEMP_IRQHandler
                0x0001835e                QDEC_IRQHandler
                0x0001835e                UART0_IRQHandler
                0x0001835e                SWI5_IRQHandler
                0x0001835e                TIMER0_IRQHandler
                0x0001835e                SWI0_IRQHandler
                0x0001835e                TIMER1_IRQHandler
                0x0001835e                ECB_IRQHandler
                0x0001835e                Default_Handler
                0x0001835e                ADC_IRQHandler
                0x0001835e                SWI3_IRQHandler
                0x0001835e                CCM_AAR_IRQHandler
                0x0001835e                WDT_IRQHandler
                0x0001835e                SWI2_IRQHandler
                0x0001835e                RNG_IRQHandler
                0x0001835e                SPI1_TWI1_IRQHandler
                0x0001835e                RTC1_IRQHandler
                0x0001835e                SWI1_IRQHandler
 *(.init)
 .init          0x00018360        0x4 /opt/gcc-arm-none/bin/../lib/gcc/arm-none-eabi/4.9.3/armv6-m/crti.o
                0x00018360                _init
 .init          0x00018364        0x8 /opt/gcc-arm-none/bin/../lib/gcc/arm-none-eabi/4.9.3/armv6-m/crtn.o
 *(.fini)
 .fini          0x0001836c        0x4 /opt/gcc-arm-none/bin/../lib/gcc/arm-none-eabi/4.9.3/armv6-m/crti.o
                0x0001836c                _fini
 .fini          0x00018370        0x8 /opt/gcc-arm-none/bin/../lib/gcc/arm-none-eabi/4.9.3/armv6-m/crtn.o
 *crtbegin.o(.ctors)
 *crtbegin?.o(.ctors)
 *(EXCLUDE_FILE(*crtend.o *crtend?.o) .ctors)
 *(SORT(.ctors.*))
 *(.ctors)
 *crtbegin.o(.dtors)
 *crtbegin?.o(.dtors)
 *(EXCLUDE_FILE(*crtend.o *crtend?.o) .dtors)
 *(SORT(.dtors.*))
 *(.dtors)
 *(.rodata*)
 .rodata.str1.1
                0x00018378        0x2 /opt/gcc-arm-none/bin/../lib/gcc/arm-none-eabi/4.9.3/../../../../arm-none-eabi/lib/armv6-m/libc_nano.a(lib_a-impure.o)
 *fill*         0x0001837a        0x2 
 .rodata._global_impure_ptr
                0x0001837c        0x4 /opt/gcc-arm-none/bin/../lib/gcc/arm-none-eabi/4.9.3/../../../../arm-none-eabi/lib/armv6-m/libc_nano.a(lib_a-impure.o)
                0x0001837c                _global_impure_ptr
 .rodata.leds_list
                0x00018380        0x4 _build/main.o
                0x00018380                leds_list
 *(.eh_frame*)
                0x00018384                . = ALIGN (0x4)

.glue_7         0x00018384        0x0
 .glue_7        0x00000000        0x0 linker stubs

.glue_7t        0x00018384        0x0
 .glue_7t       0x00000000        0x0 linker stubs

.vfp11_veneer   0x00018384        0x0
 .vfp11_veneer  0x00000000        0x0 linker stubs

.v4_bx          0x00018384        0x0
 .v4_bx         0x00000000        0x0 linker stubs

.iplt           0x00018384        0x0
 .iplt          0x00000000        0x0 /opt/gcc-arm-none/bin/../lib/gcc/arm-none-eabi/4.9.3/armv6-m/crtbegin.o

.ARM.extab      0x00018384        0x0
 *(.ARM.extab* .gnu.linkonce.armextab.*)
                0x00018384                . = ALIGN (0x4)
                0x00018384                __exidx_start = .

.ARM.exidx      0x00018384        0x8
 *(.ARM.exidx* .gnu.linkonce.armexidx.*)
 .ARM.exidx     0x00018384        0x8 /opt/gcc-arm-none/bin/../lib/gcc/arm-none-eabi/4.9.3/../../../../arm-none-eabi/lib/armv6-m/crt0.o
 .ARM.exidx     0x0001838c        0x0 _build/gcc_startup_nrf51.o
                                  0x8 (size before relaxing)
                0x0001838c                . = ALIGN (0x4)
                0x0001838c                __exidx_end = .
                0x0001838c                __etext = .

.rel.dyn        0x0001838c        0x0
 .rel.iplt      0x00000000        0x0 /opt/gcc-arm-none/bin/../lib/gcc/arm-none-eabi/4.9.3/armv6-m/crtbegin.o

.data           0x20002000       0x60 load address 0x0001838c
                0x20002000                __data_start__ = .
 *(vtable)
 *(.data*)
 .data.impure_data
                0x20002000       0x60 /opt/gcc-arm-none/bin/../lib/gcc/arm-none-eabi/4.9.3/../../../../arm-none-eabi/lib/armv6-m/libc_nano.a(lib_a-impure.o)
                0x20002060                . = ALIGN (0x4)
                0x20002060                PROVIDE (__preinit_array_start, .)
 *(.preinit_array)
                0x20002060                PROVIDE (__preinit_array_end, .)
                0x20002060                . = ALIGN (0x4)
                0x20002060                PROVIDE (__init_array_start, .)
 *(SORT(.init_array.*))
 *(.init_array)
                0x20002060                PROVIDE (__init_array_end, .)
                0x20002060                . = ALIGN (0x4)
                0x20002060                PROVIDE (__fini_array_start, .)
 *(SORT(.fini_array.*))
 *(.fini_array)
                0x20002060                PROVIDE (__fini_array_end, .)
 *(.jcr)
                0x20002060                . = ALIGN (0x4)
                0x20002060                __data_end__ = .

.igot.plt       0x20002060        0x0 load address 0x000183ec
 .igot.plt      0x00000000        0x0 /opt/gcc-arm-none/bin/../lib/gcc/arm-none-eabi/4.9.3/armv6-m/crtbegin.o

.bss            0x20002060        0x0
                0x20002060                . = ALIGN (0x4)
                0x20002060                __bss_start__ = .
 *(.bss*)
 *(COMMON)
                0x20002060                . = ALIGN (0x4)
                0x20002060                __bss_end__ = .

.heap           0x20002060      0x800
                0x20002060                __end__ = .
                0x20002060                end = __end__
 *(.heap*)
 .heap          0x20002060      0x800 _build/gcc_startup_nrf51.o
                0x20002060                __HeapBase
                0x20002860                __HeapLimit = .

.stack_dummy    0x20002060      0x800
 *(.stack*)
 .stack         0x20002060      0x800 _build/gcc_startup_nrf51.o
                0x20008000                __StackTop = (ORIGIN (RAM) + 0x6000)
                0x20007800                __StackLimit = (__StackTop - SIZEOF (.stack_dummy))
                0x20008000                PROVIDE (__stack, __StackTop)
                0x00000001                ASSERT ((__StackLimit >= __HeapLimit), region RAM overflowed with stack)
OUTPUT(_build/nrf51422_xxac.out elf32-littlearm)

.ARM.attributes
                0x00000000       0x28
 .ARM.attributes
                0x00000000       0x1e /opt/gcc-arm-none/bin/../lib/gcc/arm-none-eabi/4.9.3/armv6-m/crti.o
 .ARM.attributes
                0x0000001e       0x1b /opt/gcc-arm-none/bin/../lib/gcc/arm-none-eabi/4.9.3/../../../../arm-none-eabi/lib/armv6-m/crt0.o
 .ARM.attributes
                0x00000039       0x2c /opt/gcc-arm-none/bin/../lib/gcc/arm-none-eabi/4.9.3/../../../../arm-none-eabi/lib/armv6-m/libc_nano.a(lib_a-exit.o)
 .ARM.attributes
                0x00000065       0x2c /opt/gcc-arm-none/bin/../lib/gcc/arm-none-eabi/4.9.3/../../../../arm-none-eabi/lib/armv6-m/libc_nano.a(lib_a-impure.o)
 .ARM.attributes
                0x00000091       0x2c /opt/gcc-arm-none/bin/../lib/gcc/arm-none-eabi/4.9.3/../../../../arm-none-eabi/lib/armv6-m/libc_nano.a(lib_a-init.o)
 .ARM.attributes
                0x000000bd       0x2c /opt/gcc-arm-none/bin/../lib/gcc/arm-none-eabi/4.9.3/../../../../arm-none-eabi/lib/armv6-m/libc_nano.a(lib_a-memset.o)
 .ARM.attributes
                0x000000e9       0x2c /opt/gcc-arm-none/bin/../lib/gcc/arm-none-eabi/4.9.3/../../../../arm-none-eabi/lib/armv6-m/libnosys.a(_exit.o)
 .ARM.attributes
                0x00000115       0x31 _build/system_nrf51.o
 .ARM.attributes
                0x00000146       0x31 _build/main.o
 .ARM.attributes
                0x00000177       0x31 _build/nrf_delay.o
 .ARM.attributes
                0x000001a8       0x1b _build/gcc_startup_nrf51.o
 .ARM.attributes
                0x000001c3       0x1e /opt/gcc-arm-none/bin/../lib/gcc/arm-none-eabi/4.9.3/armv6-m/crtn.o

.comment        0x00000000       0x70
 .comment       0x00000000       0x70 _build/system_nrf51.o
                                 0x71 (size before relaxing)
 .comment       0x00000000       0x71 _build/main.o
 .comment       0x00000000       0x71 _build/nrf_delay.o

.debug_frame    0x00000000       0x94
 .debug_frame   0x00000000       0x28 /opt/gcc-arm-none/bin/../lib/gcc/arm-none-eabi/4.9.3/../../../../arm-none-eabi/lib/armv6-m/libc_nano.a(lib_a-exit.o)
 .debug_frame   0x00000028       0x2c /opt/gcc-arm-none/bin/../lib/gcc/arm-none-eabi/4.9.3/../../../../arm-none-eabi/lib/armv6-m/libc_nano.a(lib_a-init.o)
 .debug_frame   0x00000054       0x20 /opt/gcc-arm-none/bin/../lib/gcc/arm-none-eabi/4.9.3/../../../../arm-none-eabi/lib/armv6-m/libc_nano.a(lib_a-memset.o)
 .debug_frame   0x00000074       0x20 /opt/gcc-arm-none/bin/../lib/gcc/arm-none-eabi/4.9.3/../../../../arm-none-eabi/lib/armv6-m/libnosys.a(_exit.o)
